Component: ARM Compiler 5.06 update 6 (build 750) Tool: armlink [4d35ed]

==============================================================================

Section Cross References

    main.o(i.Display) refers to _printf_pad.o(.text) for _printf_pre_padding
    main.o(i.Display) refers to _printf_percent.o(.ARM.Collect$$_printf_percent$$00000000) for _printf_percent
    main.o(i.Display) refers to _printf_d.o(.ARM.Collect$$_printf_percent$$00000009) for _printf_d
    main.o(i.Display) refers to _printf_dec.o(.text) for _printf_int_dec
    main.o(i.Display) refers to noretval__2sprintf.o(.text) for __2sprintf
    main.o(i.Display) refers to stm32f429i_discovery_lcd.o(i.LCD_GetFont) for LCD_GetFont
    main.o(i.Display) refers to stm32f429i_discovery_lcd.o(i.LCD_DisplayStringLine) for LCD_DisplayStringLine
    main.o(i.Display) refers to main.o(.bss) for datatime
    main.o(i.Display_Init) refers to stm32f429i_discovery_lcd.o(i.LCD_Init) for LCD_Init
    main.o(i.Display_Init) refers to stm32f429i_discovery_lcd.o(i.LCD_LayerInit) for LCD_LayerInit
    main.o(i.Display_Init) refers to stm32f4xx_ltdc.o(i.LTDC_Cmd) for LTDC_Cmd
    main.o(i.Display_Init) refers to stm32f429i_discovery_lcd.o(i.LCD_SetLayer) for LCD_SetLayer
    main.o(i.Display_Init) refers to stm32f429i_discovery_lcd.o(i.LCD_Clear) for LCD_Clear
    main.o(i.Display_Init) refers to stm32f429i_discovery_lcd.o(i.LCD_SetTransparency) for LCD_SetTransparency
    main.o(i.Display_Init) refers to stm32f429i_discovery_lcd.o(i.LCD_SetBackColor) for LCD_SetBackColor
    main.o(i.Display_Init) refers to stm32f429i_discovery_lcd.o(i.LCD_SetTextColor) for LCD_SetTextColor
    main.o(i.Display_Init) refers to stm32f429i_discovery_lcd.o(i.LCD_SetFont) for LCD_SetFont
    main.o(i.Display_Init) refers to stm32f429i_discovery_lcd.o(i.LCD_GetFont) for LCD_GetFont
    main.o(i.Display_Init) refers to stm32f429i_discovery_lcd.o(i.LCD_DisplayStringLine) for LCD_DisplayStringLine
    main.o(i.Display_Init) refers to stm32f429i_discovery_lcd.o(.data) for Font12x12
    main.o(i.main) refers to delay.o(i.delay_init) for delay_init
    main.o(i.main) refers to main.o(i.Display_Init) for Display_Init
    main.o(i.main) refers to system_stm32f4xx.o(i.SystemInit) for SystemInit
    main.o(i.main) refers to tm_stm32f4_rtc.o(i.TM_RTC_Interrupts) for TM_RTC_Interrupts
    main.o(i.main) refers to tm_stm32f4_rtc.o(i.TM_RTC_Init) for TM_RTC_Init
    main.o(i.main) refers to tm_stm32f4_rtc.o(i.TM_RTC_SetDateTime) for TM_RTC_SetDateTime
    main.o(i.main) refers to tm_stm32f4_rtc.o(i.TM_RTC_GetDateTime) for TM_RTC_GetDateTime
    main.o(i.main) refers to main.o(i.Display) for Display
    main.o(i.main) refers to main.o(.bss) for datatime
    stm32f4xx_it.o(i.TIM2_IRQHandler) refers to stm32f429i_discovery.o(i.STM_EVAL_LEDOn) for STM_EVAL_LEDOn
    stm32f4xx_it.o(i.TIM2_IRQHandler) refers to stm32f429i_discovery.o(i.STM_EVAL_LEDOff) for STM_EVAL_LEDOff
    stm32f4xx_it.o(i.TIM2_IRQHandler) refers to stm32f4xx_usart.o(i.USART_SendData) for USART_SendData
    stm32f4xx_it.o(i.TIM2_IRQHandler) refers to stm32f4xx_usart.o(i.USART_GetFlagStatus) for USART_GetFlagStatus
    stm32f4xx_it.o(i.TIM2_IRQHandler) refers to stm32f4xx_tim.o(i.TIM_ClearITPendingBit) for TIM_ClearITPendingBit
    stm32f4xx_it.o(i.TIM2_IRQHandler) refers to stm32f4xx_it.o(.data) for led
    system_stm32f4xx.o(i.SystemCoreClockUpdate) refers to system_stm32f4xx.o(.data) for SystemCoreClock
    system_stm32f4xx.o(i.SystemInit) refers to system_stm32f4xx.o(i.SetSysClock) for SetSysClock
    startup_stm32f429_439xx.o(STACK) refers (Special) to heapauxi.o(.text) for __use_two_region_memory
    startup_stm32f429_439xx.o(HEAP) refers (Special) to heapauxi.o(.text) for __use_two_region_memory
    startup_stm32f429_439xx.o(RESET) refers (Special) to heapauxi.o(.text) for __use_two_region_memory
    startup_stm32f429_439xx.o(RESET) refers to startup_stm32f429_439xx.o(STACK) for __initial_sp
    startup_stm32f429_439xx.o(RESET) refers to startup_stm32f429_439xx.o(.text) for Reset_Handler
    startup_stm32f429_439xx.o(RESET) refers to stm32f4xx_it.o(i.NMI_Handler) for NMI_Handler
    startup_stm32f429_439xx.o(RESET) refers to stm32f4xx_it.o(i.HardFault_Handler) for HardFault_Handler
    startup_stm32f429_439xx.o(RESET) refers to stm32f4xx_it.o(i.MemManage_Handler) for MemManage_Handler
    startup_stm32f429_439xx.o(RESET) refers to stm32f4xx_it.o(i.BusFault_Handler) for BusFault_Handler
    startup_stm32f429_439xx.o(RESET) refers to stm32f4xx_it.o(i.UsageFault_Handler) for UsageFault_Handler
    startup_stm32f429_439xx.o(RESET) refers to stm32f4xx_it.o(i.DebugMon_Handler) for DebugMon_Handler
    startup_stm32f429_439xx.o(RESET) refers to delay.o(i.SysTick_Handler) for SysTick_Handler
    startup_stm32f429_439xx.o(RESET) refers to tm_stm32f4_rtc.o(i.RTC_WKUP_IRQHandler) for RTC_WKUP_IRQHandler
    startup_stm32f429_439xx.o(RESET) refers to stm32f4xx_it.o(i.TIM2_IRQHandler) for TIM2_IRQHandler
[...]
    ..\\library\\driver\\src\\stm32f4xx_usart.c 0x00000000   Number         0  stm32f4xx_usart.o ABSOLUTE
    ..\\library\\driver\\src\\stm32f4xx_wwdg.c 0x00000000   Number         0  stm32f4xx_wwdg.o ABSOLUTE
    ..\library\Discovery\src\stm32f429i_discovery.c 0x00000000   Number         0  stm32f429i_discovery.o ABSOLUTE
    ..\library\Discovery\src\stm32f429i_discovery_ioe.c 0x00000000   Number         0  stm32f429i_discovery_ioe.o ABSOLUTE
    ..\library\Discovery\src\stm32f429i_discovery_lcd.c 0x00000000   Number         0  stm32f429i_discovery_lcd.o ABSOLUTE
    ..\library\Discovery\src\stm32f429i_discovery_sdram.c 0x00000000   Number         0  stm32f429i_discovery_sdram.o ABSOLUTE
    ..\library\User_code\UART_LOG\src\UART_LOG.c 0x00000000   Number         0  uart_log.o ABSOLUTE
    ..\library\User_code\delay\src\delay.c   0x00000000   Number         0  delay.o ABSOLUTE
    ..\library\driver\src\misc.c             0x00000000   Number         0  misc.o ABSOLUTE
    ..\library\driver\src\stm32f4xx_adc.c    0x00000000   Number         0  stm32f4xx_adc.o ABSOLUTE
    ..\library\driver\src\stm32f4xx_can.c    0x00000000   Number         0  stm32f4xx_can.o ABSOLUTE
    ..\library\driver\src\stm32f4xx_crc.c    0x00000000   Number         0  stm32f4xx_crc.o ABSOLUTE
    ..\library\driver\src\stm32f4xx_cryp.c   0x00000000   Number         0  stm32f4xx_cryp.o ABSOLUTE
    ..\library\driver\src\stm32f4xx_cryp_aes.c 0x00000000   Number         0  stm32f4xx_cryp_aes.o ABSOLUTE
    ..\library\driver\src\stm32f4xx_cryp_des.c 0x00000000   Number         0  stm32f4xx_cryp_des.o ABSOLUTE
    ..\library\driver\src\stm32f4xx_cryp_tdes.c 0x00000000   Number         0  stm32f4xx_cryp_tdes.o ABSOLUTE
    ..\library\driver\src\stm32f4xx_dac.c    0x00000000   Number         0  stm32f4xx_dac.o ABSOLUTE
    ..\library\driver\src\stm32f4xx_dbgmcu.c 0x00000000   Number         0  stm32f4xx_dbgmcu.o ABSOLUTE
    ..\library\driver\src\stm32f4xx_dcmi.c   0x00000000   Number         0  stm32f4xx_dcmi.o ABSOLUTE
    ..\library\driver\src\stm32f4xx_dma.c    0x00000000   Number         0  stm32f4xx_dma.o ABSOLUTE
    ..\library\driver\src\stm32f4xx_dma2d.c  0x00000000   Number         0  stm32f4xx_dma2d.o ABSOLUTE
    ..\library\driver\src\stm32f4xx_exti.c   0x00000000   Number         0  stm32f4xx_exti.o ABSOLUTE
    ..\library\driver\src\stm32f4xx_flash.c  0x00000000   Number         0  stm32f4xx_flash.o ABSOLUTE
    ..\library\driver\src\stm32f4xx_fmc.c    0x00000000   Number         0  stm32f4xx_fmc.o ABSOLUTE
    ..\library\driver\src\stm32f4xx_gpio.c   0x00000000   Number         0  stm32f4xx_gpio.o ABSOLUTE
    ..\library\driver\src\stm32f4xx_hash.c   0x00000000   Number         0  stm32f4xx_hash.o ABSOLUTE
    ..\library\driver\src\stm32f4xx_hash_md5.c 0x00000000   Number         0  stm32f4xx_hash_md5.o ABSOLUTE
    ..\library\driver\src\stm32f4xx_hash_sha1.c 0x00000000   Number         0  stm32f4xx_hash_sha1.o ABSOLUTE
    ..\library\driver\src\stm32f4xx_i2c.c    0x00000000   Number         0  stm32f4xx_i2c.o ABSOLUTE
    ..\library\driver\src\stm32f4xx_iwdg.c   0x00000000   Number         0  stm32f4xx_iwdg.o ABSOLUTE
    ..\library\driver\src\stm32f4xx_ltdc.c   0x00000000   Number         0  stm32f4xx_ltdc.o ABSOLUTE
    ..\library\driver\src\stm32f4xx_pwr.c    0x00000000   Number         0  stm32f4xx_pwr.o ABSOLUTE
    ..\library\driver\src\stm32f4xx_rcc.c    0x00000000   Number         0  stm32f4xx_rcc.o ABSOLUTE
    ..\library\driver\src\stm32f4xx_rng.c    0x00000000   Number         0  stm32f4xx_rng.o ABSOLUTE
    ..\library\driver\src\stm32f4xx_rtc.c    0x00000000   Number         0  stm32f4xx_rtc.o ABSOLUTE
    ..\library\driver\src\stm32f4xx_sai.c    0x00000000   Number         0  stm32f4xx_sai.o ABSOLUTE
    ..\library\driver\src\stm32f4xx_sdio.c   0x00000000   Number         0  stm32f4xx_sdio.o ABSOLUTE
    ..\library\driver\src\stm32f4xx_spi.c    0x00000000   Number         0  stm32f4xx_spi.o ABSOLUTE
    ..\library\driver\src\stm32f4xx_syscfg.c 0x00000000   Number         0  stm32f4xx_syscfg.o ABSOLUTE
    ..\library\driver\src\stm32f4xx_tim.c    0x00000000   Number         0  stm32f4xx_tim.o ABSOLUTE
    ..\library\driver\src\stm32f4xx_usart.c  0x00000000   Number         0  stm32f4xx_usart.o ABSOLUTE
    ..\library\driver\src\stm32f4xx_wwdg.c   0x00000000   Number         0  stm32f4xx_wwdg.o ABSOLUTE
    dc.s                                     0x00000000   Number         0  dc.o ABSOLUTE
    RESET                                    0x08000000   Section      428  startup_stm32f429_439xx.o(RESET)
    !!!main                                  0x080001ac   Section        8  __main.o(!!!main)
    !!!scatter                               0x080001b4   Section       52  __scatter.o(!!!scatter)
    !!handler_copy                           0x080001e8   Section       26  __scatter_copy.o(!!handler_copy)
    !!handler_zi                             0x08000204   Section       28  __scatter_zi.o(!!handler_zi)
    .ARM.Collect$$_printf_percent$$00000000  0x08000220   Section        0  _printf_percent.o(.ARM.Collect$$_printf_percent$$00000000)
    .ARM.Collect$$_printf_percent$$00000009  0x08000220   Section        6  _printf_d.o(.ARM.Collect$$_printf_percent$$00000009)
    .ARM.Collect$$_printf_percent$$00000017  0x08000226   Section        4  _printf_percent_end.o(.ARM.Collect$$_printf_percent$$00000017)
    .ARM.Collect$$libinit$$00000000          0x0800022a   Section        2  libinit.o(.ARM.Collect$$libinit$$00000000)
    .ARM.Collect$$libinit$$00000001          0x0800022c   Section        4  libinit2.o(.ARM.Collect$$libinit$$00000001)
    .ARM.Collect$$libinit$$00000004          0x08000230   Section        0  libinit2.o(.ARM.Collect$$libinit$$00000004)
    .ARM.Collect$$libinit$$0000000A          0x08000230   Section        0  libinit2.o(.ARM.Collect$$libinit$$0000000A)
    .ARM.Collect$$libinit$$0000000C          0x08000230   Section        0  libinit2.o(.ARM.Collect$$libinit$$0000000C)
    .ARM.Collect$$libinit$$0000000E          0x08000230   Section        0  libinit2.o(.ARM.Collect$$libinit$$0000000E)
    .ARM.Collect$$libinit$$00000011          0x08000230   Section        0  libinit2.o(.ARM.Collect$$libinit$$00000011)
    .ARM.Collect$$libinit$$00000013          0x08000230   Section        0  libinit2.o(.ARM.Collect$$libinit$$00000013)
    .ARM.Collect$$libinit$$00000015          0x08000230   Section        0  libinit2.o(.ARM.Collect$$libinit$$00000015)
    .ARM.Collect$$libinit$$00000017          0x08000230   Section        0  libinit2.o(.ARM.Collect$$libinit$$00000017)
    .ARM.Collect$$libinit$$00000019          0x08000230   Section        0  libinit2.o(.ARM.Collect$$libinit$$00000019)
    .ARM.Collect$$libinit$$0000001B          0x08000230   Section        0  libinit2.o(.ARM.Collect$$libinit$$0000001B)
    .ARM.Collect$$libinit$$0000001D          0x08000230   Section        0  libinit2.o(.ARM.Collect$$libinit$$0000001D)
    .ARM.Collect$$libinit$$0000001F          0x08000230   Section        0  libinit2.o(.ARM.Collect$$libinit$$0000001F)
    .ARM.Collect$$libinit$$00000021          0x08000230   Section        0  libinit2.o(.ARM.Collect$$libinit$$00000021)
    .ARM.Collect$$libinit$$00000023          0x08000230   Section        0  libinit2.o(.ARM.Collect$$libinit$$00000023)
    .ARM.Collect$$libinit$$00000025          0x08000230   Section        0  libinit2.o(.ARM.Collect$$libinit$$00000025)
    .ARM.Collect$$libinit$$0000002C          0x08000230   Section        0  libinit2.o(.ARM.Collect$$libinit$$0000002C)
    .ARM.Collect$$libinit$$0000002E          0x08000230   Section        0  libinit2.o(.ARM.Collect$$libinit$$0000002E)
    .ARM.Collect$$libinit$$00000030          0x08000230   Section        0  libinit2.o(.ARM.Collect$$libinit$$00000030)
    .ARM.Collect$$libinit$$00000032          0x08000230   Section        0  libinit2.o(.ARM.Collect$$libinit$$00000032)
    .ARM.Collect$$libinit$$00000033          0x08000230   Section        2  libinit2.o(.ARM.Collect$$libinit$$00000033)
    .ARM.Collect$$libshutdown$$00000000      0x08000232   Section        2  libshutdown.o(.ARM.Collect$$libshutdown$$00000000)
    .ARM.Collect$$libshutdown$$00000002      0x08000234   Section        0  libshutdown2.o(.ARM.Collect$$libshutdown$$00000002)
    .ARM.Collect$$libshutdown$$00000004      0x08000234   Section        0  libshutdown2.o(.ARM.Collect$$libshutdown$$00000004)
    .ARM.Collect$$libshutdown$$00000007      0x08000234   Section        0  libshutdown2.o(.ARM.Collect$$libshutdown$$00000007)
    .ARM.Collect$$libshutdown$$0000000A      0x08000234   Section        0  libshutdown2.o(.ARM.Collect$$libshutdown$$0000000A)
    .ARM.Collect$$libshutdown$$0000000C      0x08000234   Section        0  libshutdown2.o(.ARM.Collect$$libshutdown$$0000000C)
    .ARM.Collect$$libshutdown$$0000000F      0x08000234   Section        0  libshutdown2.o(.ARM.Collect$$libshutdown$$0000000F)
    .ARM.Collect$$libshutdown$$00000010      0x08000234   Section        2  libshutdown2.o(.ARM.Collect$$libshutdown$$00000010)
    .ARM.Collect$$rtentry$$00000000          0x08000236   Section        0  __rtentry.o(.ARM.Collect$$rtentry$$00000000)
    .ARM.Collect$$rtentry$$00000002          0x08000236   Section        0  __rtentry2.o(.ARM.Collect$$rtentry$$00000002)
    .ARM.Collect$$rtentry$$00000004          0x08000236   Section        6  __rtentry4.o(.ARM.Collect$$rtentry$$00000004)
    .ARM.Collect$$rtentry$$00000009          0x0800023c   Section        0  __rtentry2.o(.ARM.Collect$$rtentry$$00000009)
    .ARM.Collect$$rtentry$$0000000A          0x0800023c   Section        4  __rtentry2.o(.ARM.Collect$$rtentry$$0000000A)
    .ARM.Collect$$rtentry$$0000000C          0x08000240   Section        0  __rtentry2.o(.ARM.Collect$$rtentry$$0000000C)
    .ARM.Collect$$rtentry$$0000000D          0x08000240   Section        8  __rtentry2.o(.ARM.Collect$$rtentry$$0000000D)
    .ARM.Collect$$rtexit$$00000000           0x08000248   Section        2  rtexit.o(.ARM.Collect$$rtexit$$00000000)
    .ARM.Collect$$rtexit$$00000002           0x0800024a   Section        0  rtexit2.o(.ARM.Collect$$rtexit$$00000002)
    .ARM.Collect$$rtexit$$00000003           0x0800024a   Section        4  rtexit2.o(.ARM.Collect$$rtexit$$00000003)
    .ARM.Collect$$rtexit$$00000004           0x0800024e   Section        6  rtexit2.o(.ARM.Collect$$rtexit$$00000004)
    .text                                    0x08000254   Section       64  startup_stm32f429_439xx.o(.text)
    $v0                                      0x08000254   Number         0  startup_stm32f429_439xx.o(.text)
    .text                                    0x08000294   Section        0  noretval__2sprintf.o(.text)
    .text                                    0x080002bc   Section        0  _printf_pad.o(.text)
    .text                                    0x0800030c   Section        0  _printf_dec.o(.text)
    .text                                    0x08000384   Section        0  __printf_flags_wp.o(.text)
    .text                                    0x080004bc   Section        0  heapauxi.o(.text)
    .text                                    0x080004c2   Section        0  _printf_intcommon.o(.text)
    .text                                    0x08000574   Section        0  _printf_char_common.o(.text)
    _printf_input_char                       0x08000575   Thumb Code    10  _printf_char_common.o(.text)
    .text                                    0x080005a4   Section        0  _sputc.o(.text)
    .text                                    0x080005ae   Section       74  sys_stackheap_outer.o(.text)
    .text                                    0x080005f8   Section        0  exit.o(.text)
    .text                                    0x0800060c   Section        8  libspace.o(.text)
    .text                                    0x08000614   Section        0  sys_exit.o(.text)
    .text                                    0x08000620   Section        2  use_no_semi.o(.text)
    .text                                    0x08000622   Section        0  indicate_semi.o(.text)
    i.BusFault_Handler                       0x08000622   Section        0  stm32f4xx_it.o(i.BusFault_Handler)
    i.DebugMon_Handler                       0x08000626   Section        0  stm32f4xx_it.o(i.DebugMon_Handler)
    i.Display                                0x08000628   Section        0  main.o(i.Display)
    Display                                  0x08000629   Thumb Code   154  main.o(i.Display)
    i.Display_Init                           0x08000714   Section        0  main.o(i.Display_Init)
    Display_Init                             0x08000715   Thumb Code   170  main.o(i.Display_Init)
    i.EXTI_Init                              0x08000808   Section        0  stm32f4xx_exti.o(i.EXTI_Init)
    i.FMC_GetFlagStatus                      0x0800089c   Section        0  stm32f4xx_fmc.o(i.FMC_GetFlagStatus)
    i.FMC_SDRAMCmdConfig                     0x080008e4   Section        0  stm32f4xx_fmc.o(i.FMC_SDRAMCmdConfig)
    i.FMC_SDRAMInit                          0x08000904   Section        0  stm32f4xx_fmc.o(i.FMC_SDRAMInit)
    i.FMC_SetRefreshCount                    0x080009fc   Section        0  stm32f4xx_fmc.o(i.FMC_SetRefreshCount)
    i.GPIO_Init                              0x08000a14   Section        0  stm32f4xx_gpio.o(i.GPIO_Init)
    i.GPIO_PinAFConfig                       0x08000aa4   Section        0  stm32f4xx_gpio.o(i.GPIO_PinAFConfig)
    i.GPIO_ResetBits                         0x08000aea   Section        0  stm32f4xx_gpio.o(i.GPIO_ResetBits)
    i.GPIO_SetBits                           0x08000aee   Section        0  stm32f4xx_gpio.o(i.GPIO_SetBits)
    i.GPIO_WriteBit                          0x08000af2   Section        0  stm32f4xx_gpio.o(i.GPIO_WriteBit)
    i.HardFault_Handler                      0x08000afc   Section        0  stm32f4xx_it.o(i.HardFault_Handler)
    i.LCD_AF_GPIOConfig                      0x08000b00   Section        0  stm32f429i_discovery_lcd.o(i.LCD_AF_GPIOConfig)
    LCD_AF_GPIOConfig                        0x08000b01   Thumb Code   334  stm32f429i_discovery_lcd.o(i.LCD_AF_GPIOConfig)
    i.LCD_ChipSelect                         0x08000c68   Section        0  stm32f429i_discovery_lcd.o(i.LCD_ChipSelect)
    i.LCD_Clear                              0x08000c88   Section        0  stm32f429i_discovery_lcd.o(i.LCD_Clear)
    i.LCD_CtrlLinesConfig                    0x08000ca8   Section        0  stm32f429i_discovery_lcd.o(i.LCD_CtrlLinesConfig)
    i.LCD_CtrlLinesWrite                     0x08000cf8   Section        0  stm32f429i_discovery_lcd.o(i.LCD_CtrlLinesWrite)
    i.LCD_DisplayChar                        0x08000d0c   Section        0  stm32f429i_discovery_lcd.o(i.LCD_DisplayChar)
    i.LCD_DisplayStringLine                  0x08000d3c   Section        0  stm32f429i_discovery_lcd.o(i.LCD_DisplayStringLine)
    i.LCD_DrawChar                           0x08000d90   Section        0  stm32f429i_discovery_lcd.o(i.LCD_DrawChar)
    i.LCD_GetFont                            0x08000e68   Section        0  stm32f429i_discovery_lcd.o(i.LCD_GetFont)
    i.LCD_Init                               0x08000e74   Section        0  stm32f429i_discovery_lcd.o(i.LCD_Init)
    i.LCD_LayerInit                          0x08000f10   Section        0  stm32f429i_discovery_lcd.o(i.LCD_LayerInit)
    i.LCD_PowerOn                            0x08000fb4   Section        0  stm32f429i_discovery_lcd.o(i.LCD_PowerOn)
    i.LCD_SPIConfig                          0x08001240   Section        0  stm32f429i_discovery_lcd.o(i.LCD_SPIConfig)
    i.LCD_SetBackColor                       0x08001314   Section        0  stm32f429i_discovery_lcd.o(i.LCD_SetBackColor)
    i.LCD_SetFont                            0x08001320   Section        0  stm32f429i_discovery_lcd.o(i.LCD_SetFont)
    i.LCD_SetLayer                           0x0800132c   Section        0  stm32f429i_discovery_lcd.o(i.LCD_SetLayer)
    i.LCD_SetTextColor                       0x08001358   Section        0  stm32f429i_discovery_lcd.o(i.LCD_SetTextColor)
    i.LCD_SetTransparency                    0x08001364   Section        0  stm32f429i_discovery_lcd.o(i.LCD_SetTransparency)
    i.LCD_WriteCommand                       0x08001394   Section        0  stm32f429i_discovery_lcd.o(i.LCD_WriteCommand)
    i.LCD_WriteData                          0x080013e0   Section        0  stm32f429i_discovery_lcd.o(i.LCD_WriteData)
    i.LTDC_Cmd                               0x08001428   Section        0  stm32f4xx_ltdc.o(i.LTDC_Cmd)
    i.LTDC_DitherCmd                         0x0800144c   Section        0  stm32f4xx_ltdc.o(i.LTDC_DitherCmd)
    i.LTDC_Init                              0x08001470   Section        0  stm32f4xx_ltdc.o(i.LTDC_Init)
    i.LTDC_LayerAlpha                        0x080015f8   Section        0  stm32f4xx_ltdc.o(i.LTDC_LayerAlpha)
    i.LTDC_LayerCmd                          0x080015fc   Section        0  stm32f4xx_ltdc.o(i.LTDC_LayerCmd)
    i.LTDC_LayerInit                         0x08001612   Section        0  stm32f4xx_ltdc.o(i.LTDC_LayerInit)
    i.LTDC_ReloadConfig                      0x08001728   Section        0  stm32f4xx_ltdc.o(i.LTDC_ReloadConfig)
    i.MemManage_Handler                      0x08001734   Section        0  stm32f4xx_it.o(i.MemManage_Handler)
    i.NMI_Handler                            0x08001738   Section        0  stm32f4xx_it.o(i.NMI_Handler)
    i.NVIC_Init                              0x0800173c   Section        0  misc.o(i.NVIC_Init)
    i.PWR_BackupAccessCmd                    0x080017b4   Section        0  stm32f4xx_pwr.o(i.PWR_BackupAccessCmd)
    i.RCC_AHB1PeriphClockCmd                 0x080017c0   Section        0  stm32f4xx_rcc.o(i.RCC_AHB1PeriphClockCmd)
    i.RCC_AHB3PeriphClockCmd                 0x080017e0   Section        0  stm32f4xx_rcc.o(i.RCC_AHB3PeriphClockCmd)
    i.RCC_APB1PeriphClockCmd                 0x08001800   Section        0  stm32f4xx_rcc.o(i.RCC_APB1PeriphClockCmd)
    i.RCC_APB1PeriphResetCmd                 0x08001820   Section        0  stm32f4xx_rcc.o(i.RCC_APB1PeriphResetCmd)
    i.RCC_APB2PeriphClockCmd                 0x08001840   Section        0  stm32f4xx_rcc.o(i.RCC_APB2PeriphClockCmd)
    i.RCC_APB2PeriphResetCmd                 0x08001860   Section        0  stm32f4xx_rcc.o(i.RCC_APB2PeriphResetCmd)
    i.RCC_GetFlagStatus                      0x08001880   Section        0  stm32f4xx_rcc.o(i.RCC_GetFlagStatus)
    i.RCC_LSEConfig                          0x080018c0   Section        0  stm32f4xx_rcc.o(i.RCC_LSEConfig)
    i.RCC_LSICmd                             0x080018ec   Section        0  stm32f4xx_rcc.o(i.RCC_LSICmd)
    i.RCC_LTDCCLKDivConfig                   0x080018f8   Section        0  stm32f4xx_rcc.o(i.RCC_LTDCCLKDivConfig)
    i.RCC_PLLSAICmd                          0x08001910   Section        0  stm32f4xx_rcc.o(i.RCC_PLLSAICmd)
    i.RCC_PLLSAIConfig                       0x0800191c   Section        0  stm32f4xx_rcc.o(i.RCC_PLLSAIConfig)
    i.RCC_RTCCLKCmd                          0x08001934   Section        0  stm32f4xx_rcc.o(i.RCC_RTCCLKCmd)
    i.RCC_RTCCLKConfig                       0x08001940   Section        0  stm32f4xx_rcc.o(i.RCC_RTCCLKConfig)
    i.RTC_Alarm_IRQHandler                   0x0800197c   Section        0  tm_stm32f4_rtc.o(i.RTC_Alarm_IRQHandler)
    i.RTC_Bcd2ToByte                         0x080019b8   Section        0  stm32f4xx_rtc.o(i.RTC_Bcd2ToByte)
    RTC_Bcd2ToByte                           0x080019b9   Thumb Code    22  stm32f4xx_rtc.o(i.RTC_Bcd2ToByte)
    i.RTC_ByteToBcd2                         0x080019ce   Section        0  stm32f4xx_rtc.o(i.RTC_ByteToBcd2)
    RTC_ByteToBcd2                           0x080019cf   Thumb Code    28  stm32f4xx_rtc.o(i.RTC_ByteToBcd2)
    i.RTC_ClearITPendingBit                  0x080019ec   Section        0  stm32f4xx_rtc.o(i.RTC_ClearITPendingBit)
    i.RTC_EnterInitMode                      0x08001a0c   Section        0  stm32f4xx_rtc.o(i.RTC_EnterInitMode)
    i.RTC_ExitInitMode                       0x08001a5c   Section        0  stm32f4xx_rtc.o(i.RTC_ExitInitMode)
    i.RTC_GetDate                            0x08001a70   Section        0  stm32f4xx_rtc.o(i.RTC_GetDate)
    i.RTC_GetITStatus                        0x08001abc   Section        0  stm32f4xx_rtc.o(i.RTC_GetITStatus)
    i.RTC_GetTime                            0x08001afc   Section        0  stm32f4xx_rtc.o(i.RTC_GetTime)
    i.RTC_ITConfig                           0x08001b4c   Section        0  stm32f4xx_rtc.o(i.RTC_ITConfig)
    i.RTC_Init                               0x08001bb0   Section        0  stm32f4xx_rtc.o(i.RTC_Init)
    i.RTC_ReadBackupRegister                 0x08001c14   Section        0  stm32f4xx_rtc.o(i.RTC_ReadBackupRegister)
    i.RTC_SetDate                            0x08001c34   Section        0  stm32f4xx_rtc.o(i.RTC_SetDate)
    i.RTC_SetTime                            0x08001cfc   Section        0  stm32f4xx_rtc.o(i.RTC_SetTime)
    i.RTC_SetWakeUpCounter                   0x08001dcc   Section        0  stm32f4xx_rtc.o(i.RTC_SetWakeUpCounter)
    i.RTC_WKUP_IRQHandler                    0x08001de8   Section        0  tm_stm32f4_rtc.o(i.RTC_WKUP_IRQHandler)
    i.RTC_WaitForSynchro                     0x08001e10   Section        0  stm32f4xx_rtc.o(i.RTC_WaitForSynchro)
    i.RTC_WakeUpClockConfig                  0x08001e70   Section        0  stm32f4xx_rtc.o(i.RTC_WakeUpClockConfig)
    i.RTC_WakeUpCmd                          0x08001ea0   Section        0  stm32f4xx_rtc.o(i.RTC_WakeUpCmd)
    i.RTC_WriteBackupRegister                0x08001f18   Section        0  stm32f4xx_rtc.o(i.RTC_WriteBackupRegister)
    i.RTC_WriteProtectionCmd                 0x08001f34   Section        0  stm32f4xx_rtc.o(i.RTC_WriteProtectionCmd)
    i.SDRAM_GPIOConfig                       0x08001f50   Section        0  stm32f429i_discovery_sdram.o(i.SDRAM_GPIOConfig)
    i.SDRAM_Init                             0x08002154   Section        0  stm32f429i_discovery_sdram.o(i.SDRAM_Init)
    i.SDRAM_InitSequence                     0x080021bc   Section        0  stm32f429i_discovery_sdram.o(i.SDRAM_InitSequence)
    i.SPI_Cmd                                0x08002284   Section        0  stm32f4xx_spi.o(i.SPI_Cmd)
    i.SPI_I2S_DeInit                         0x0800229c   Section        0  stm32f4xx_spi.o(i.SPI_I2S_DeInit)
    i.SPI_I2S_GetFlagStatus                  0x0800234c   Section        0  stm32f4xx_spi.o(i.SPI_I2S_GetFlagStatus)
    i.SPI_I2S_SendData                       0x0800235e   Section        0  stm32f4xx_spi.o(i.SPI_I2S_SendData)
    i.SPI_Init                               0x08002362   Section        0  stm32f4xx_spi.o(i.SPI_Init)
    i.STM_EVAL_LEDOff                        0x080023a0   Section        0  stm32f429i_discovery.o(i.STM_EVAL_LEDOff)
    i.STM_EVAL_LEDOn                         0x080023b8   Section        0  stm32f429i_discovery.o(i.STM_EVAL_LEDOn)
    i.SetSysClock                            0x080023d0   Section        0  system_stm32f4xx.o(i.SetSysClock)
    SetSysClock                              0x080023d1   Thumb Code   274  system_stm32f4xx.o(i.SetSysClock)
    i.SysTick_Handler                        0x080024f4   Section        0  delay.o(i.SysTick_Handler)
    i.SystemInit                             0x0800250c   Section        0  system_stm32f4xx.o(i.SystemInit)
    i.TIM2_IRQHandler                        0x08002574   Section        0  stm32f4xx_it.o(i.TIM2_IRQHandler)
    i.TIM_ClearITPendingBit                  0x080025e8   Section        0  stm32f4xx_tim.o(i.TIM_ClearITPendingBit)
    i.TM_RTC_AlarmAHandler                   0x080025ee   Section        0  tm_stm32f4_rtc.o(i.TM_RTC_AlarmAHandler)
    i.TM_RTC_AlarmBHandler                   0x080025f0   Section        0  tm_stm32f4_rtc.o(i.TM_RTC_AlarmBHandler)
    i.TM_RTC_Config                          0x080025f2   Section        0  tm_stm32f4_rtc.o(i.TM_RTC_Config)
    i.TM_RTC_GetDateTime                     0x08002654   Section        0  tm_stm32f4_rtc.o(i.TM_RTC_GetDateTime)
    i.TM_RTC_GetUnixTimeStamp                0x080026cc   Section        0  tm_stm32f4_rtc.o(i.TM_RTC_GetUnixTimeStamp)
    i.TM_RTC_Init                            0x080027ac   Section        0  tm_stm32f4_rtc.o(i.TM_RTC_Init)
    i.TM_RTC_Interrupts                      0x08002898   Section        0  tm_stm32f4_rtc.o(i.TM_RTC_Interrupts)
    i.TM_RTC_RequestHandler                  0x08002994   Section        0  tm_stm32f4_rtc.o(i.TM_RTC_RequestHandler)
    i.TM_RTC_SetDateTime                     0x08002998   Section        0  tm_stm32f4_rtc.o(i.TM_RTC_SetDateTime)
    i.USART_GetFlagStatus                    0x08002bac   Section        0  stm32f4xx_usart.o(i.USART_GetFlagStatus)
    i.USART_SendData                         0x08002bc6   Section        0  stm32f4xx_usart.o(i.USART_SendData)
    i.UsageFault_Handler                     0x08002bce   Section        0  stm32f4xx_it.o(i.UsageFault_Handler)
    i._is_digit                              0x08002bd2   Section        0  __printf_wp.o(i._is_digit)
    i.delay                                  0x08002be0   Section        0  stm32f429i_discovery_lcd.o(i.delay)
    delay                                    0x08002be1   Thumb Code    28  stm32f429i_discovery_lcd.o(i.delay)
    i.delay                                  0x08002bfc   Section        0  stm32f429i_discovery_sdram.o(i.delay)
    delay                                    0x08002bfd   Thumb Code    32  stm32f429i_discovery_sdram.o(i.delay)
    i.delay_init                             0x08002c20   Section        0  delay.o(i.delay_init)
    i.main                                   0x08002c74   Section        0  main.o(i.main)
    x$fpl$fpinit                             0x08002ce0   Section       10  fpinit.o(x$fpl$fpinit)
    $v0                                      0x08002ce0   Number         0  fpinit.o(x$fpl$fpinit)
    .constdata                               0x08002cec   Section       25  stm32f429i_discovery.o(.constdata)
    .constdata                               0x08002d06   Section    10704  stm32f429i_discovery_lcd.o(.constdata)
    .constdata                               0x080056d6   Section       17  __printf_flags_wp.o(.constdata)
    maptable                                 0x080056d6   Data          17  __printf_flags_wp.o(.constdata)
    .data                                    0x20000000   Section        1  stm32f4xx_it.o(.data)
    led                                      0x20000000   Data           1  stm32f4xx_it.o(.data)
    .data                                    0x20000004   Section       16  stm32f429i_discovery.o(.data)
    .data                                    0x20000014   Section       48  stm32f429i_discovery_lcd.o(.data)
    LCD_Currentfonts                         0x20000034   Data           4  stm32f429i_discovery_lcd.o(.data)
    CurrentTextColor                         0x20000038   Data           2  stm32f429i_discovery_lcd.o(.data)
    CurrentBackColor                         0x2000003a   Data           2  stm32f429i_discovery_lcd.o(.data)
    CurrentFrameBuffer                       0x2000003c   Data           4  stm32f429i_discovery_lcd.o(.data)
    CurrentLayer                             0x20000040   Data           4  stm32f429i_discovery_lcd.o(.data)
    .data                                    0x20000044   Section        4  delay.o(.data)
    TimingDelay                              0x20000044   Data           4  delay.o(.data)
    .data                                    0x20000048   Section       48  tm_stm32f4_rtc.o(.data)
    .bss                                     0x20000078   Section       92  main.o(.bss)
    .bss                                     0x200000d4   Section       12  tm_stm32f4_rtc.o(.bss)
    .bss                                     0x200000e0   Section       96  libspace.o(.bss)
    HEAP                                     0x20000140   Section      512  startup_stm32f429_439xx.o(HEAP)
    Heap_Mem                                 0x20000140   Data         512  startup_stm32f429_439xx.o(HEAP)
    STACK                                    0x20000340   Section     1024  startup_stm32f429_439xx.o(STACK)
    Stack_Mem                                0x20000340   Data        1024  startup_stm32f429_439xx.o(STACK)
    __initial_sp                             0x20000740   Data           0  startup_stm32f429_439xx.o(STACK)

    Global Symbols

    Symbol Name                              Value     Ov Type        Size  Object(Section)

    BuildAttributes$$THM_ISAv4$E$P$D$K$B$S$7EM$VFPi3$EXTD16$VFPS$VFMA$PE$A:L22UL41UL21$X:L11$S22US41US21$IEEE1$IW$USESV6$~STKCKD$USESV7$~SHL$OSPACE$ROPI$EBA8$UX$STANDARDLIB$REQ8$PRES8$EABIv2 0x00000000   Number         0  anon$$obj.o ABSOLUTE
    __ARM_use_no_argv                        0x00000000   Number         0  main.o ABSOLUTE
    _printf_flags                            0x00000000   Number         0  printf_stubs.o ABSOLUTE
    _printf_return_value                     0x00000000   Number         0  printf_stubs.o ABSOLUTE
    _printf_sizespec                         0x00000000   Number         0  printf_stubs.o ABSOLUTE
    _printf_widthprec                        0x00000000   Number         0  printf_stubs.o ABSOLUTE
    __ARM_exceptions_init                     - Undefined Weak Reference
    __alloca_initialize                       - Undefined Weak Reference
    __arm_preinit_                            - Undefined Weak Reference
    __cpp_initialize__aeabi_                  - Undefined Weak Reference
    __cxa_finalize                            - Undefined Weak Reference
    __rt_locale                               - Undefined Weak Reference
    __sigvec_lookup                           - Undefined Weak Reference
    _atexit_init                              - Undefined Weak Reference
    _call_atexit_fns                          - Undefined Weak Reference
    _clock_init                               - Undefined Weak Reference
    _fp_trap_init                             - Undefined Weak Reference
    _fp_trap_shutdown                         - Undefined Weak Reference
    _get_lc_collate                           - Undefined Weak Reference
    _get_lc_ctype                             - Undefined Weak Reference
    _get_lc_monetary                          - Undefined Weak Reference
    _get_lc_numeric                           - Undefined Weak Reference
    _get_lc_time                              - Undefined Weak Reference
    _getenv_init                              - Undefined Weak Reference
    _handle_redirection                       - Undefined Weak Reference
    _init_alloc                               - Undefined Weak Reference
    _init_user_alloc                          - Undefined Weak Reference
    _initio                                   - Undefined Weak Reference
    _printf_truncate_signed                   - Undefined Weak Reference
    _printf_truncate_unsigned                 - Undefined Weak Reference
    _rand_init                                - Undefined Weak Reference
    _signal_finish                            - Undefined Weak Reference
    _signal_init                              - Undefined Weak Reference
    _terminate_alloc                          - Undefined Weak Reference
    _terminate_user_alloc                     - Undefined Weak Reference
    _terminateio                              - Undefined Weak Reference
    __Vectors_Size                           0x000001ac   Number         0  startup_stm32f429_439xx.o ABSOLUTE
    __Vectors                                0x08000000   Data           4  startup_stm32f429_439xx.o(RESET)
    __Vectors_End                            0x080001ac   Data           0  startup_stm32f429_439xx.o(RESET)
    __main                                   0x080001ad   Thumb Code     8  __main.o(!!!main)
    __scatterload                            0x080001b5   Thumb Code     0  __scatter.o(!!!scatter)
    __scatterload_rt2                        0x080001b5   Thumb Code    44  __scatter.o(!!!scatter)
    __scatterload_rt2_thumb_only             0x080001b5   Thumb Code     0  __scatter.o(!!!scatter)
    __scatterload_null                       0x080001c3   Thumb Code     0  __scatter.o(!!!scatter)
    __scatterload_copy                       0x080001e9   Thumb Code    26  __scatter_copy.o(!!handler_copy)
    __scatterload_zeroinit                   0x08000205   Thumb Code    28  __scatter_zi.o(!!handler_zi)
    _printf_d                                0x08000221   Thumb Code     0  _printf_d.o(.ARM.Collect$$_printf_percent$$00000009)
    _printf_percent                          0x08000221   Thumb Code     0  _printf_percent.o(.ARM.Collect$$_printf_percent$$00000000)
    _printf_percent_end                      0x08000227   Thumb Code     0  _printf_percent_end.o(.ARM.Collect$$_printf_percent$$00000017)
    __rt_lib_init                            0x0800022b   Thumb Code     0  libinit.o(.ARM.Collect$$libinit$$00000000)
    __rt_lib_init_fp_1                       0x0800022d   Thumb Code     0  libinit2.o(.ARM.Collect$$libinit$$00000001)
    __rt_lib_init_alloca_1                   0x08000231   Thumb Code     0  libinit2.o(.ARM.Collect$$libinit$$0000002E)
    __rt_lib_init_argv_1                     0x08000231   Thumb Code     0  libinit2.o(.ARM.Collect$$libinit$$0000002C)
    __rt_lib_init_atexit_1                   0x08000231   Thumb Code     0  libinit2.o(.ARM.Collect$$libinit$$0000001B)
    __rt_lib_init_clock_1                    0x08000231   Thumb Code     0  libinit2.o(.ARM.Collect$$libinit$$00000021)
    __rt_lib_init_cpp_1                      0x08000231   Thumb Code     0  libinit2.o(.ARM.Collect$$libinit$$00000032)
    __rt_lib_init_exceptions_1               0x08000231   Thumb Code     0  libinit2.o(.ARM.Collect$$libinit$$00000030)
    __rt_lib_init_fp_trap_1                  0x08000231   Thumb Code     0  libinit2.o(.ARM.Collect$$libinit$$0000001F)
    __rt_lib_init_getenv_1                   0x08000231   Thumb Code     0  libinit2.o(.ARM.Collect$$libinit$$00000023)
    __rt_lib_init_heap_1                     0x08000231   Thumb Code     0  libinit2.o(.ARM.Collect$$libinit$$0000000A)
    __rt_lib_init_lc_collate_1               0x08000231   Thumb Code     0  libinit2.o(.ARM.Collect$$libinit$$00000011)
    __rt_lib_init_lc_ctype_1                 0x08000231   Thumb Code     0  libinit2.o(.ARM.Collect$$libinit$$00000013)
    __rt_lib_init_lc_monetary_1              0x08000231   Thumb Code     0  libinit2.o(.ARM.Collect$$libinit$$00000015)
    __rt_lib_init_lc_numeric_1               0x08000231   Thumb Code     0  libinit2.o(.ARM.Collect$$libinit$$00000017)
    __rt_lib_init_lc_time_1                  0x08000231   Thumb Code     0  libinit2.o(.ARM.Collect$$libinit$$00000019)
    __rt_lib_init_preinit_1                  0x08000231   Thumb Code     0  libinit2.o(.ARM.Collect$$libinit$$00000004)
    __rt_lib_init_rand_1                     0x08000231   Thumb Code     0  libinit2.o(.ARM.Collect$$libinit$$0000000E)
    __rt_lib_init_return                     0x08000231   Thumb Code     0  libinit2.o(.ARM.Collect$$libinit$$00000033)
    __rt_lib_init_signal_1                   0x08000231   Thumb Code     0  libinit2.o(.ARM.Collect$$libinit$$0000001D)
    __rt_lib_init_stdio_1                    0x08000231   Thumb Code     0  libinit2.o(.ARM.Collect$$libinit$$00000025)
    __rt_lib_init_user_alloc_1               0x08000231   Thumb Code     0  libinit2.o(.ARM.Collect$$libinit$$0000000C)
    __rt_lib_shutdown                        0x08000233   Thumb Code     0  libshutdown.o(.ARM.Collect$$libshutdown$$00000000)
    __rt_lib_shutdown_cpp_1                  0x08000235   Thumb Code     0  libshutdown2.o(.ARM.Collect$$libshutdown$$00000002)
    __rt_lib_shutdown_fp_trap_1              0x08000235   Thumb Code     0  libshutdown2.o(.ARM.Collect$$libshutdown$$00000007)
    __rt_lib_shutdown_heap_1                 0x08000235   Thumb Code     0  libshutdown2.o(.ARM.Collect$$libshutdown$$0000000F)
    __rt_lib_shutdown_return                 0x08000235   Thumb Code     0  libshutdown2.o(.ARM.Collect$$libshutdown$$00000010)
    __rt_lib_shutdown_signal_1               0x08000235   Thumb Code     0  libshutdown2.o(.ARM.Collect$$libshutdown$$0000000A)
    __rt_lib_shutdown_stdio_1                0x08000235   Thumb Code     0  libshutdown2.o(.ARM.Collect$$libshutdown$$00000004)
    __rt_lib_shutdown_user_alloc_1           0x08000235   Thumb Code     0  libshutdown2.o(.ARM.Collect$$libshutdown$$0000000C)
    __rt_entry                               0x08000237   Thumb Code     0  __rtentry.o(.ARM.Collect$$rtentry$$00000000)
    __rt_entry_presh_1                       0x08000237   Thumb Code     0  __rtentry2.o(.ARM.Collect$$rtentry$$00000002)
    __rt_entry_sh                            0x08000237   Thumb Code     0  __rtentry4.o(.ARM.Collect$$rtentry$$00000004)
    __rt_entry_li                            0x0800023d   Thumb Code     0  __rtentry2.o(.ARM.Collect$$rtentry$$0000000A)
    __rt_entry_postsh_1                      0x0800023d   Thumb Code     0  __rtentry2.o(.ARM.Collect$$rtentry$$00000009)
    __rt_entry_main                          0x08000241   Thumb Code     0  __rtentry2.o(.ARM.Collect$$rtentry$$0000000D)
    __rt_entry_postli_1                      0x08000241   Thumb Code     0  __rtentry2.o(.ARM.Collect$$rtentry$$0000000C)
    __rt_exit                                0x08000249   Thumb Code     0  rtexit.o(.ARM.Collect$$rtexit$$00000000)
    __rt_exit_ls                             0x0800024b   Thumb Code     0  rtexit2.o(.ARM.Collect$$rtexit$$00000003)
    __rt_exit_prels_1                        0x0800024b   Thumb Code     0  rtexit2.o(.ARM.Collect$$rtexit$$00000002)
    __rt_exit_exit                           0x0800024f   Thumb Code     0  rtexit2.o(.ARM.Collect$$rtexit$$00000004)
    Reset_Handler                            0x08000255   Thumb Code     8  startup_stm32f429_439xx.o(.text)
    SVC_Handler                              0x08000267   Thumb Code     2  startup_stm32f429_439xx.o(.text)
    PendSV_Handler                           0x0800026b   Thumb Code     2  startup_stm32f429_439xx.o(.text)
    ADC_IRQHandler                           0x0800026f   Thumb Code     0  startup_stm32f429_439xx.o(.text)
    CAN1_RX0_IRQHandler                      0x0800026f   Thumb Code     0  startup_stm32f429_439xx.o(.text)
    CAN1_RX1_IRQHandler                      0x0800026f   Thumb Code     0  startup_stm32f429_439xx.o(.text)
    CAN1_SCE_IRQHandler                      0x0800026f   Thumb Code     0  startup_stm32f429_439xx.o(.text)
    CAN1_TX_IRQHandler                       0x0800026f   Thumb Code     0  startup_stm32f429_439xx.o(.text)
    CAN2_RX0_IRQHandler                      0x0800026f   Thumb Code     0  startup_stm32f429_439xx.o(.text)
    CAN2_RX1_IRQHandler                      0x0800026f   Thumb Code     0  startup_stm32f429_439xx.o(.text)
    CAN2_SCE_IRQHandler                      0x0800026f   Thumb Code     0  startup_stm32f429_439xx.o(.text)
    CAN2_TX_IRQHandler                       0x0800026f   Thumb Code     0  startup_stm32f429_439xx.o(.text)
    CRYP_IRQHandler                          0x0800026f   Thumb Code     0  startup_stm32f429_439xx.o(.text)
    DCMI_IRQHandler                          0x0800026f   Thumb Code     0  startup_stm32f429_439xx.o(.text)
    DMA1_Stream0_IRQHandler                  0x0800026f   Thumb Code     0  startup_stm32f429_439xx.o(.text)
    DMA1_Stream1_IRQHandler                  0x0800026f   Thumb Code     0  startup_stm32f429_439xx.o(.text)
    DMA1_Stream2_IRQHandler                  0x0800026f   Thumb Code     0  startup_stm32f429_439xx.o(.text)
    DMA1_Stream3_IRQHandler                  0x0800026f   Thumb Code     0  startup_stm32f429_439xx.o(.text)
    DMA1_Stream4_IRQHandler                  0x0800026f   Thumb Code     0  startup_stm32f429_439xx.o(.text)
    DMA1_Stream5_IRQHandler                  0x0800026f   Thumb Code     0  startup_stm32f429_439xx.o(.text)
    DMA1_Stream6_IRQHandler                  0x0800026f   Thumb Code     0  startup_stm32f429_439xx.o(.text)
    DMA1_Stream7_IRQHandler                  0x0800026f   Thumb Code     0  startup_stm32f429_439xx.o(.text)
    DMA2D_IRQHandler                         0x0800026f   Thumb Code     0  startup_stm32f429_439xx.o(.text)
    DMA2_Stream0_IRQHandler                  0x0800026f   Thumb Code     0  startup_stm32f429_439xx.o(.text)
    DMA2_Stream1_IRQHandler                  0x0800026f   Thumb Code     0  startup_stm32f429_439xx.o(.text)
    DMA2_Stream2_IRQHandler                  0x0800026f   Thumb Code     0  startup_stm32f429_439xx.o(.text)
    DMA2_Stream3_IRQHandler                  0x0800026f   Thumb Code     0  startup_stm32f429_439xx.o(.text)
    DMA2_Stream4_IRQHandler                  0x0800026f   Thumb Code     0  startup_stm32f429_439xx.o(.text)
    DMA2_Stream5_IRQHandler                  0x0800026f   Thumb Code     0  startup_stm32f429_439xx.o(.text)
    DMA2_Stream6_IRQHandler                  0x0800026f   Thumb Code     0  startup_stm32f429_439xx.o(.text)
    DMA2_Stream7_IRQHandler                  0x0800026f   Thumb Code     0  startup_stm32f429_439xx.o(.text)
    ETH_IRQHandler                           0x0800026f   Thumb Code     0  startup_stm32f429_439xx.o(.text)
    ETH_WKUP_IRQHandler                      0x0800026f   Thumb Code     0  startup_stm32f429_439xx.o(.text)
    EXTI0_IRQHandler                         0x0800026f   Thumb Code     0  startup_stm32f429_439xx.o(.text)
    EXTI15_10_IRQHandler                     0x0800026f   Thumb Code     0  startup_stm32f429_439xx.o(.text)
    EXTI1_IRQHandler                         0x0800026f   Thumb Code     0  startup_stm32f429_439xx.o(.text)
    EXTI2_IRQHandler                         0x0800026f   Thumb Code     0  startup_stm32f429_439xx.o(.text)
    EXTI3_IRQHandler                         0x0800026f   Thumb Code     0  startup_stm32f429_439xx.o(.text)
    EXTI4_IRQHandler                         0x0800026f   Thumb Code     0  startup_stm32f429_439xx.o(.text)
    EXTI9_5_IRQHandler                       0x0800026f   Thumb Code     0  startup_stm32f429_439xx.o(.text)
    FLASH_IRQHandler                         0x0800026f   Thumb Code     0  startup_stm32f429_439xx.o(.text)
    FMC_IRQHandler                           0x0800026f   Thumb Code     0  startup_stm32f429_439xx.o(.text)
    FPU_IRQHandler                           0x0800026f   Thumb Code     0  startup_stm32f429_439xx.o(.text)
    HASH_RNG_IRQHandler                      0x0800026f   Thumb Code     0  startup_stm32f429_439xx.o(.text)
    I2C1_ER_IRQHandler                       0x0800026f   Thumb Code     0  startup_stm32f429_439xx.o(.text)
    I2C1_EV_IRQHandler                       0x0800026f   Thumb Code     0  startup_stm32f429_439xx.o(.text)
    I2C2_ER_IRQHandler                       0x0800026f   Thumb Code     0  startup_stm32f429_439xx.o(.text)
    I2C2_EV_IRQHandler                       0x0800026f   Thumb Code     0  startup_stm32f429_439xx.o(.text)
    I2C3_ER_IRQHandler                       0x0800026f   Thumb Code     0  startup_stm32f429_439xx.o(.text)
    I2C3_EV_IRQHandler                       0x0800026f   Thumb Code     0  startup_stm32f429_439xx.o(.text)
    LTDC_ER_IRQHandler                       0x0800026f   Thumb Code     0  startup_stm32f429_439xx.o(.text)
    LTDC_IRQHandler                          0x0800026f   Thumb Code     0  startup_stm32f429_439xx.o(.text)
    OTG_FS_IRQHandler                        0x0800026f   Thumb Code     0  startup_stm32f429_439xx.o(.text)
    OTG_FS_WKUP_IRQHandler                   0x0800026f   Thumb Code     0  startup_stm32f429_439xx.o(.text)
    OTG_HS_EP1_IN_IRQHandler                 0x0800026f   Thumb Code     0  startup_stm32f429_439xx.o(.text)
    OTG_HS_EP1_OUT_IRQHandler                0x0800026f   Thumb Code     0  startup_stm32f429_439xx.o(.text)
    OTG_HS_IRQHandler                        0x0800026f   Thumb Code     0  startup_stm32f429_439xx.o(.text)
    OTG_HS_WKUP_IRQHandler                   0x0800026f   Thumb Code     0  startup_stm32f429_439xx.o(.text)
    PVD_IRQHandler                           0x0800026f   Thumb Code     0  startup_stm32f429_439xx.o(.text)
    RCC_IRQHandler                           0x0800026f   Thumb Code     0  startup_stm32f429_439xx.o(.text)
    SAI1_IRQHandler                          0x0800026f   Thumb Code     0  startup_stm32f429_439xx.o(.text)
    SDIO_IRQHandler                          0x0800026f   Thumb Code     0  startup_stm32f429_439xx.o(.text)
    SPI1_IRQHandler                          0x0800026f   Thumb Code     0  startup_stm32f429_439xx.o(.text)
    SPI2_IRQHandler                          0x0800026f   Thumb Code     0  startup_stm32f429_439xx.o(.text)
    SPI3_IRQHandler                          0x0800026f   Thumb Code     0  startup_stm32f429_439xx.o(.text)
    SPI4_IRQHandler                          0x0800026f   Thumb Code     0  startup_stm32f429_439xx.o(.text)
    SPI5_IRQHandler                          0x0800026f   Thumb Code     0  startup_stm32f429_439xx.o(.text)
    SPI6_IRQHandler                          0x0800026f   Thumb Code     0  startup_stm32f429_439xx.o(.text)
    TAMP_STAMP_IRQHandler                    0x0800026f   Thumb Code     0  startup_stm32f429_439xx.o(.text)
    TIM1_BRK_TIM9_IRQHandler                 0x0800026f   Thumb Code     0  startup_stm32f429_439xx.o(.text)
    TIM1_CC_IRQHandler                       0x0800026f   Thumb Code     0  startup_stm32f429_439xx.o(.text)
    TIM1_TRG_COM_TIM11_IRQHandler            0x0800026f   Thumb Code     0  startup_stm32f429_439xx.o(.text)
    TIM1_UP_TIM10_IRQHandler                 0x0800026f   Thumb Code     0  startup_stm32f429_439xx.o(.text)
    TIM3_IRQHandler                          0x0800026f   Thumb Code     0  startup_stm32f429_439xx.o(.text)
    TIM4_IRQHandler                          0x0800026f   Thumb Code     0  startup_stm32f429_439xx.o(.text)
    TIM5_IRQHandler                          0x0800026f   Thumb Code     0  startup_stm32f429_439xx.o(.text)
    TIM6_DAC_IRQHandler                      0x0800026f   Thumb Code     0  startup_stm32f429_439xx.o(.text)
    TIM7_IRQHandler                          0x0800026f   Thumb Code     0  startup_stm32f429_439xx.o(.text)
    TIM8_BRK_TIM12_IRQHandler                0x0800026f   Thumb Code     0  startup_stm32f429_439xx.o(.text)
    TIM8_CC_IRQHandler                       0x0800026f   Thumb Code     0  startup_stm32f429_439xx.o(.text)
    TIM8_TRG_COM_TIM14_IRQHandler            0x0800026f   Thumb Code     0  startup_stm32f429_439xx.o(.text)
    TIM8_UP_TIM13_IRQHandler                 0x0800026f   Thumb Code     0  startup_stm32f429_439xx.o(.text)
    UART4_IRQHandler                         0x0800026f   Thumb Code     0  startup_stm32f429_439xx.o(.text)
    UART5_IRQHandler                         0x0800026f   Thumb Code     0  startup_stm32f429_439xx.o(.text)
    UART7_IRQHandler                         0x0800026f   Thumb Code     0  startup_stm32f429_439xx.o(.text)
    UART8_IRQHandler                         0x0800026f   Thumb Code     0  startup_stm32f429_439xx.o(.text)
    USART1_IRQHandler                        0x0800026f   Thumb Code     0  startup_stm32f429_439xx.o(.text)
    USART2_IRQHandler                        0x0800026f   Thumb Code     0  startup_stm32f429_439xx.o(.text)
    USART3_IRQHandler                        0x0800026f   Thumb Code     0  startup_stm32f429_439xx.o(.text)
    USART6_IRQHandler                        0x0800026f   Thumb Code     0  startup_stm32f429_439xx.o(.text)
    WWDG_IRQHandler                          0x0800026f   Thumb Code     0  startup_stm32f429_439xx.o(.text)
    __user_initial_stackheap                 0x08000271   Thumb Code     0  startup_stm32f429_439xx.o(.text)
    __2sprintf                               0x08000295   Thumb Code    34  noretval__2sprintf.o(.text)
    _printf_pre_padding                      0x080002bd   Thumb Code    44  _printf_pad.o(.text)
    _printf_post_padding                     0x080002e9   Thumb Code    34  _printf_pad.o(.text)
    _printf_int_dec                          0x0800030d   Thumb Code   104  _printf_dec.o(.text)
    __printf                                 0x08000385   Thumb Code   308  __printf_flags_wp.o(.text)
    __use_two_region_memory                  0x080004bd   Thumb Code     2  heapauxi.o(.text)
    __rt_heap_escrow$2region                 0x080004bf   Thumb Code     2  heapauxi.o(.text)
    __rt_heap_expand$2region                 0x080004c1   Thumb Code     2  heapauxi.o(.text)
    _printf_int_common                       0x080004c3   Thumb Code   178  _printf_intcommon.o(.text)
    _printf_char_common                      0x0800057f   Thumb Code    32  _printf_char_common.o(.text)
    _sputc                                   0x080005a5   Thumb Code    10  _sputc.o(.text)
    __user_setup_stackheap                   0x080005af   Thumb Code    74  sys_stackheap_outer.o(.text)
    exit                                     0x080005f9   Thumb Code    18  exit.o(.text)
    __user_libspace                          0x0800060d   Thumb Code     8  libspace.o(.text)
    __user_perproc_libspace                  0x0800060d   Thumb Code     0  libspace.o(.text)
    __user_perthread_libspace                0x0800060d   Thumb Code     0  libspace.o(.text)
    _sys_exit                                0x08000615   Thumb Code     8  sys_exit.o(.text)
    __I$use$semihosting                      0x08000621   Thumb Code     0  use_no_semi.o(.text)
    __use_no_semihosting_swi                 0x08000621   Thumb Code     2  use_no_semi.o(.text)
    BusFault_Handler                         0x08000623   Thumb Code     4  stm32f4xx_it.o(i.BusFault_Handler)
    __semihosting_library_function           0x08000623   Thumb Code     0  indicate_semi.o(.text)
    DebugMon_Handler                         0x08000627   Thumb Code     2  stm32f4xx_it.o(i.DebugMon_Handler)
    EXTI_Init                                0x08000809   Thumb Code   142  stm32f4xx_exti.o(i.EXTI_Init)
    FMC_GetFlagStatus                        0x0800089d   Thumb Code    68  stm32f4xx_fmc.o(i.FMC_GetFlagStatus)
    FMC_SDRAMCmdConfig                       0x080008e5   Thumb Code    28  stm32f4xx_fmc.o(i.FMC_SDRAMCmdConfig)
    FMC_SDRAMInit                            0x08000905   Thumb Code   242  stm32f4xx_fmc.o(i.FMC_SDRAMInit)
    FMC_SetRefreshCount                      0x080009fd   Thumb Code    18  stm32f4xx_fmc.o(i.FMC_SetRefreshCount)
    GPIO_Init                                0x08000a15   Thumb Code   144  stm32f4xx_gpio.o(i.GPIO_Init)
    GPIO_PinAFConfig                         0x08000aa5   Thumb Code    70  stm32f4xx_gpio.o(i.GPIO_PinAFConfig)
    GPIO_ResetBits                           0x08000aeb   Thumb Code     4  stm32f4xx_gpio.o(i.GPIO_ResetBits)
    GPIO_SetBits                             0x08000aef   Thumb Code     4  stm32f4xx_gpio.o(i.GPIO_SetBits)
    GPIO_WriteBit                            0x08000af3   Thumb Code    10  stm32f4xx_gpio.o(i.GPIO_WriteBit)
    HardFault_Handler                        0x08000afd   Thumb Code     4  stm32f4xx_it.o(i.HardFault_Handler)
    LCD_ChipSelect                           0x08000c69   Thumb Code    26  stm32f429i_discovery_lcd.o(i.LCD_ChipSelect)
    LCD_Clear                                0x08000c89   Thumb Code    26  stm32f429i_discovery_lcd.o(i.LCD_Clear)
    LCD_CtrlLinesConfig                      0x08000ca9   Thumb Code    70  stm32f429i_discovery_lcd.o(i.LCD_CtrlLinesConfig)
    LCD_CtrlLinesWrite                       0x08000cf9   Thumb Code    20  stm32f429i_discovery_lcd.o(i.LCD_CtrlLinesWrite)
    LCD_DisplayChar                          0x08000d0d   Thumb Code    42  stm32f429i_discovery_lcd.o(i.LCD_DisplayChar)
    LCD_DisplayStringLine                    0x08000d3d   Thumb Code    80  stm32f429i_discovery_lcd.o(i.LCD_DisplayStringLine)
    LCD_DrawChar                             0x08000d91   Thumb Code   200  stm32f429i_discovery_lcd.o(i.LCD_DrawChar)
    LCD_GetFont                              0x08000e69   Thumb Code     6  stm32f429i_discovery_lcd.o(i.LCD_GetFont)
    LCD_Init                                 0x08000e75   Thumb Code   154  stm32f429i_discovery_lcd.o(i.LCD_Init)
    LCD_LayerInit                            0x08000f11   Thumb Code   152  stm32f429i_discovery_lcd.o(i.LCD_LayerInit)
    LCD_PowerOn                              0x08000fb5   Thumb Code   652  stm32f429i_discovery_lcd.o(i.LCD_PowerOn)
    LCD_SPIConfig                            0x08001241   Thumb Code   204  stm32f429i_discovery_lcd.o(i.LCD_SPIConfig)
    LCD_SetBackColor                         0x08001315   Thumb Code     6  stm32f429i_discovery_lcd.o(i.LCD_SetBackColor)
    LCD_SetFont                              0x08001321   Thumb Code     6  stm32f429i_discovery_lcd.o(i.LCD_SetFont)
    LCD_SetLayer                             0x0800132d   Thumb Code    32  stm32f429i_discovery_lcd.o(i.LCD_SetLayer)
    LCD_SetTextColor                         0x08001359   Thumb Code     6  stm32f429i_discovery_lcd.o(i.LCD_SetTextColor)
    LCD_SetTransparency                      0x08001365   Thumb Code    38  stm32f429i_discovery_lcd.o(i.LCD_SetTransparency)
    LCD_WriteCommand                         0x08001395   Thumb Code    66  stm32f429i_discovery_lcd.o(i.LCD_WriteCommand)
    LCD_WriteData                            0x080013e1   Thumb Code    64  stm32f429i_discovery_lcd.o(i.LCD_WriteData)
    LTDC_Cmd                                 0x08001429   Thumb Code    30  stm32f4xx_ltdc.o(i.LTDC_Cmd)
    LTDC_DitherCmd                           0x0800144d   Thumb Code    30  stm32f4xx_ltdc.o(i.LTDC_DitherCmd)
    LTDC_Init                                0x08001471   Thumb Code   378  stm32f4xx_ltdc.o(i.LTDC_Init)
    LTDC_LayerAlpha                          0x080015f9   Thumb Code     4  stm32f4xx_ltdc.o(i.LTDC_LayerAlpha)
    LTDC_LayerCmd                            0x080015fd   Thumb Code    22  stm32f4xx_ltdc.o(i.LTDC_LayerCmd)
    LTDC_LayerInit                           0x08001613   Thumb Code   276  stm32f4xx_ltdc.o(i.LTDC_LayerInit)
    LTDC_ReloadConfig                        0x08001729   Thumb Code     6  stm32f4xx_ltdc.o(i.LTDC_ReloadConfig)
    MemManage_Handler                        0x08001735   Thumb Code     4  stm32f4xx_it.o(i.MemManage_Handler)
    NMI_Handler                              0x08001739   Thumb Code     2  stm32f4xx_it.o(i.NMI_Handler)
    NVIC_Init                                0x0800173d   Thumb Code   106  misc.o(i.NVIC_Init)
    PWR_BackupAccessCmd                      0x080017b5   Thumb Code     6  stm32f4xx_pwr.o(i.PWR_BackupAccessCmd)
    RCC_AHB1PeriphClockCmd                   0x080017c1   Thumb Code    26  stm32f4xx_rcc.o(i.RCC_AHB1PeriphClockCmd)
    RCC_AHB3PeriphClockCmd                   0x080017e1   Thumb Code    26  stm32f4xx_rcc.o(i.RCC_AHB3PeriphClockCmd)
    RCC_APB1PeriphClockCmd                   0x08001801   Thumb Code    26  stm32f4xx_rcc.o(i.RCC_APB1PeriphClockCmd)
    RCC_APB1PeriphResetCmd                   0x08001821   Thumb Code    26  stm32f4xx_rcc.o(i.RCC_APB1PeriphResetCmd)
    RCC_APB2PeriphClockCmd                   0x08001841   Thumb Code    26  stm32f4xx_rcc.o(i.RCC_APB2PeriphClockCmd)
    RCC_APB2PeriphResetCmd                   0x08001861   Thumb Code    26  stm32f4xx_rcc.o(i.RCC_APB2PeriphResetCmd)
    RCC_GetFlagStatus                        0x08001881   Thumb Code    60  stm32f4xx_rcc.o(i.RCC_GetFlagStatus)
    RCC_LSEConfig                            0x080018c1   Thumb Code    40  stm32f4xx_rcc.o(i.RCC_LSEConfig)
    RCC_LSICmd                               0x080018ed   Thumb Code     6  stm32f4xx_rcc.o(i.RCC_LSICmd)
    RCC_LTDCCLKDivConfig                     0x080018f9   Thumb Code    18  stm32f4xx_rcc.o(i.RCC_LTDCCLKDivConfig)
    RCC_PLLSAICmd                            0x08001911   Thumb Code     6  stm32f4xx_rcc.o(i.RCC_PLLSAICmd)
    RCC_PLLSAIConfig                         0x0800191d   Thumb Code    18  stm32f4xx_rcc.o(i.RCC_PLLSAIConfig)
    RCC_RTCCLKCmd                            0x08001935   Thumb Code     6  stm32f4xx_rcc.o(i.RCC_RTCCLKCmd)
    RCC_RTCCLKConfig                         0x08001941   Thumb Code    50  stm32f4xx_rcc.o(i.RCC_RTCCLKConfig)
    RTC_Alarm_IRQHandler                     0x0800197d   Thumb Code    56  tm_stm32f4_rtc.o(i.RTC_Alarm_IRQHandler)
    RTC_ClearITPendingBit                    0x080019ed   Thumb Code    28  stm32f4xx_rtc.o(i.RTC_ClearITPendingBit)
    RTC_EnterInitMode                        0x08001a0d   Thumb Code    76  stm32f4xx_rtc.o(i.RTC_EnterInitMode)
    RTC_ExitInitMode                         0x08001a5d   Thumb Code    14  stm32f4xx_rtc.o(i.RTC_ExitInitMode)
    RTC_GetDate                              0x08001a71   Thumb Code    68  stm32f4xx_rtc.o(i.RTC_GetDate)
    RTC_GetITStatus                          0x08001abd   Thumb Code    58  stm32f4xx_rtc.o(i.RTC_GetITStatus)
    RTC_GetTime                              0x08001afd   Thumb Code    72  stm32f4xx_rtc.o(i.RTC_GetTime)
    RTC_ITConfig                             0x08001b4d   Thumb Code    94  stm32f4xx_rtc.o(i.RTC_ITConfig)
    RTC_Init                                 0x08001bb1   Thumb Code    94  stm32f4xx_rtc.o(i.RTC_Init)
    RTC_ReadBackupRegister                   0x08001c15   Thumb Code    26  stm32f4xx_rtc.o(i.RTC_ReadBackupRegister)
    RTC_SetDate                              0x08001c35   Thumb Code   190  stm32f4xx_rtc.o(i.RTC_SetDate)
    RTC_SetTime                              0x08001cfd   Thumb Code   198  stm32f4xx_rtc.o(i.RTC_SetTime)
    RTC_SetWakeUpCounter                     0x08001dcd   Thumb Code    22  stm32f4xx_rtc.o(i.RTC_SetWakeUpCounter)
    RTC_WKUP_IRQHandler                      0x08001de9   Thumb Code    34  tm_stm32f4_rtc.o(i.RTC_WKUP_IRQHandler)
    RTC_WaitForSynchro                       0x08001e11   Thumb Code    92  stm32f4xx_rtc.o(i.RTC_WaitForSynchro)
    RTC_WakeUpClockConfig                    0x08001e71   Thumb Code    42  stm32f4xx_rtc.o(i.RTC_WakeUpClockConfig)
    RTC_WakeUpCmd                            0x08001ea1   Thumb Code   116  stm32f4xx_rtc.o(i.RTC_WakeUpCmd)
    RTC_WriteBackupRegister                  0x08001f19   Thumb Code    24  stm32f4xx_rtc.o(i.RTC_WriteBackupRegister)
    RTC_WriteProtectionCmd                   0x08001f35   Thumb Code    22  stm32f4xx_rtc.o(i.RTC_WriteProtectionCmd)
    SDRAM_GPIOConfig                         0x08001f51   Thumb Code   492  stm32f429i_discovery_sdram.o(i.SDRAM_GPIOConfig)
    SDRAM_Init                               0x08002155   Thumb Code   104  stm32f429i_discovery_sdram.o(i.SDRAM_Init)
    SDRAM_InitSequence                       0x080021bd   Thumb Code   200  stm32f429i_discovery_sdram.o(i.SDRAM_InitSequence)
    SPI_Cmd                                  0x08002285   Thumb Code    24  stm32f4xx_spi.o(i.SPI_Cmd)
    SPI_I2S_DeInit                           0x0800229d   Thumb Code   152  stm32f4xx_spi.o(i.SPI_I2S_DeInit)
    SPI_I2S_GetFlagStatus                    0x0800234d   Thumb Code    18  stm32f4xx_spi.o(i.SPI_I2S_GetFlagStatus)
    SPI_I2S_SendData                         0x0800235f   Thumb Code     4  stm32f4xx_spi.o(i.SPI_I2S_SendData)
    SPI_Init                                 0x08002363   Thumb Code    60  stm32f4xx_spi.o(i.SPI_Init)
    STM_EVAL_LEDOff                          0x080023a1   Thumb Code    16  stm32f429i_discovery.o(i.STM_EVAL_LEDOff)
    STM_EVAL_LEDOn                           0x080023b9   Thumb Code    16  stm32f429i_discovery.o(i.STM_EVAL_LEDOn)
    SysTick_Handler                          0x080024f5   Thumb Code    18  delay.o(i.SysTick_Handler)
    SystemInit                               0x0800250d   Thumb Code    88  system_stm32f4xx.o(i.SystemInit)
    TIM2_IRQHandler                          0x08002575   Thumb Code    94  stm32f4xx_it.o(i.TIM2_IRQHandler)
    TIM_ClearITPendingBit                    0x080025e9   Thumb Code     6  stm32f4xx_tim.o(i.TIM_ClearITPendingBit)
    TM_RTC_AlarmAHandler                     0x080025ef   Thumb Code     2  tm_stm32f4_rtc.o(i.TM_RTC_AlarmAHandler)
    TM_RTC_AlarmBHandler                     0x080025f1   Thumb Code     2  tm_stm32f4_rtc.o(i.TM_RTC_AlarmBHandler)
    TM_RTC_Config                            0x080025f3   Thumb Code    98  tm_stm32f4_rtc.o(i.TM_RTC_Config)
    TM_RTC_GetDateTime                       0x08002655   Thumb Code   106  tm_stm32f4_rtc.o(i.TM_RTC_GetDateTime)
    TM_RTC_GetUnixTimeStamp                  0x080026cd   Thumb Code   216  tm_stm32f4_rtc.o(i.TM_RTC_GetUnixTimeStamp)
    TM_RTC_Init                              0x080027ad   Thumb Code   228  tm_stm32f4_rtc.o(i.TM_RTC_Init)
    TM_RTC_Interrupts                        0x08002899   Thumb Code   232  tm_stm32f4_rtc.o(i.TM_RTC_Interrupts)
    TM_RTC_RequestHandler                    0x08002995   Thumb Code     2  tm_stm32f4_rtc.o(i.TM_RTC_RequestHandler)
    TM_RTC_SetDateTime                       0x08002999   Thumb Code   512  tm_stm32f4_rtc.o(i.TM_RTC_SetDateTime)
    USART_GetFlagStatus                      0x08002bad   Thumb Code    26  stm32f4xx_usart.o(i.USART_GetFlagStatus)
    USART_SendData                           0x08002bc7   Thumb Code     8  stm32f4xx_usart.o(i.USART_SendData)
    UsageFault_Handler                       0x08002bcf   Thumb Code     4  stm32f4xx_it.o(i.UsageFault_Handler)
    _is_digit                                0x08002bd3   Thumb Code    14  __printf_wp.o(i._is_digit)
    delay_init                               0x08002c21   Thumb Code    72  delay.o(i.delay_init)
    main                                     0x08002c75   Thumb Code   100  main.o(i.main)
    _fp_init                                 0x08002ce1   Thumb Code    10  fpinit.o(x$fpl$fpinit)
    __fplib_config_fpu_vfp                   0x08002ce9   Thumb Code     0  fpinit.o(x$fpl$fpinit)
    __fplib_config_pureend_doubles           0x08002ce9   Thumb Code     0  fpinit.o(x$fpl$fpinit)
    GPIO_PIN                                 0x08002cec   Data           4  stm32f429i_discovery.o(.constdata)
    GPIO_CLK                                 0x08002cf0   Data           8  stm32f429i_discovery.o(.constdata)
    BUTTON_PIN                               0x08002cf8   Data           2  stm32f429i_discovery.o(.constdata)
    BUTTON_CLK                               0x08002cfc   Data           4  stm32f429i_discovery.o(.constdata)
    BUTTON_EXTI_LINE                         0x08002d00   Data           2  stm32f429i_discovery.o(.constdata)
    BUTTON_PORT_SOURCE                       0x08002d02   Data           1  stm32f429i_discovery.o(.constdata)
    BUTTON_PIN_SOURCE                        0x08002d03   Data           1  stm32f429i_discovery.o(.constdata)
    BUTTON_IRQn                              0x08002d04   Data           1  stm32f429i_discovery.o(.constdata)
    ASCII16x24_Table                         0x08002d06   Data        4560  stm32f429i_discovery_lcd.o(.constdata)
    ASCII12x12_Table                         0x08003ed6   Data        2304  stm32f429i_discovery_lcd.o(.constdata)
    ASCII8x12_Table                          0x080047d6   Data        2304  stm32f429i_discovery_lcd.o(.constdata)
    ASCII8x8_Table                           0x080050d6   Data        1536  stm32f429i_discovery_lcd.o(.constdata)
    Region$$Table$$Base                      0x080056e8   Number         0  anon$$obj.o(Region$$Table)
    Region$$Table$$Limit                     0x08005708   Number         0  anon$$obj.o(Region$$Table)
    GPIO_PORT                                0x20000004   Data           8  stm32f429i_discovery.o(.data)
    BUTTON_PORT                              0x2000000c   Data           4  stm32f429i_discovery.o(.data)
    NVIC_InitStructure                       0x20000010   Data           4  stm32f429i_discovery.o(.data)
    Font16x24                                0x20000014   Data           8  stm32f429i_discovery_lcd.o(.data)
    Font12x12                                0x2000001c   Data           8  stm32f429i_discovery_lcd.o(.data)
    Font8x12                                 0x20000024   Data           8  stm32f429i_discovery_lcd.o(.data)
    Font8x8                                  0x2000002c   Data           8  stm32f429i_discovery_lcd.o(.data)
    TM_RTC_Status                            0x20000048   Data           4  tm_stm32f4_rtc.o(.data)
    RTC_TimeStruct                           0x2000004c   Data           4  tm_stm32f4_rtc.o(.data)
    RTC_DateStruct                           0x20000050   Data           4  tm_stm32f4_rtc.o(.data)
    NVIC_InitStruct                          0x20000054   Data           4  tm_stm32f4_rtc.o(.data)
    EXTI_InitStruct                          0x20000058   Data           8  tm_stm32f4_rtc.o(.data)
    TM_RTC_Months                            0x20000060   Data          24  tm_stm32f4_rtc.o(.data)
    buf                                      0x20000078   Data          50  main.o(.bss)
    datatime                                 0x200000ac   Data          16  main.o(.bss)
    stu                                      0x200000bc   Data          24  main.o(.bss)
    RTC_InitStruct                           0x200000d4   Data          12  tm_stm32f4_rtc.o(.bss)
    __libspace_start                         0x200000e0   Data          96  libspace.o(.bss)
    __temporary_stack_top$libspace           0x20000140   Data           0  libspace.o(.bss)



==============================================================================

Memory Map of the image

  Image Entry point : 0x080001ad

  Load Region LR_IROM1 (Base: 0x08000000, Size: 0x00005780, Max: 0x00200000, ABSOLUTE)

    Execution Region ER_IROM1 (Exec base: 0x08000000, Load base: 0x08000000, Size: 0x00005708, Max: 0x00200000, ABSOLUTE)

    Exec Addr    Load Addr    Size         Type   Attr      Idx    E Section Name        Object

    0x08000000   0x08000000   0x000001ac   Data   RO          347    RESET               startup_stm32f429_439xx.o
    0x080001ac   0x080001ac   0x00000008   Code   RO         6127  * !!!main             c_w.l(__main.o)
    0x080001b4   0x080001b4   0x00000034   Code   RO         6293    !!!scatter          c_w.l(__scatter.o)
    0x080001e8   0x080001e8   0x0000001a   Code   RO         6295    !!handler_copy      c_w.l(__scatter_copy.o)
    0x08000202   0x08000202   0x00000002   PAD
    0x08000204   0x08000204   0x0000001c   Code   RO         6297    !!handler_zi        c_w.l(__scatter_zi.o)
    0x08000220   0x08000220   0x00000000   Code   RO         6124    .ARM.Collect$$_printf_percent$$00000000  c_w.l(_printf_percent.o)
    0x08000220   0x08000220   0x00000006   Code   RO         6123    .ARM.Collect$$_printf_percent$$00000009  c_w.l(_printf_d.o)
    0x08000226   0x08000226   0x00000004   Code   RO         6136    .ARM.Collect$$_printf_percent$$00000017  c_w.l(_printf_percent_end.o)
    0x0800022a   0x0800022a   0x00000002   Code   RO         6163    .ARM.Collect$$libinit$$00000000  c_w.l(libinit.o)
    0x0800022c   0x0800022c   0x00000004   Code   RO         6169    .ARM.Collect$$libinit$$00000001  c_w.l(libinit2.o)
    0x08000230   0x08000230   0x00000000   Code   RO         6172    .ARM.Collect$$libinit$$00000004  c_w.l(libinit2.o)
    0x08000230   0x08000230   0x00000000   Code   RO         6175    .ARM.Collect$$libinit$$0000000A  c_w.l(libinit2.o)
    0x08000230   0x08000230   0x00000000   Code   RO         6177    .ARM.Collect$$libinit$$0000000C  c_w.l(libinit2.o)
    0x08000230   0x08000230   0x00000000   Code   RO         6179    .ARM.Collect$$libinit$$0000000E  c_w.l(libinit2.o)
    0x08000230   0x08000230   0x00000000   Code   RO         6182    .ARM.Collect$$libinit$$00000011  c_w.l(libinit2.o)
    0x08000230   0x08000230   0x00000000   Code   RO         6184    .ARM.Collect$$libinit$$00000013  c_w.l(libinit2.o)
    0x08000230   0x08000230   0x00000000   Code   RO         6186    .ARM.Collect$$libinit$$00000015  c_w.l(libinit2.o)
    0x08000230   0x08000230   0x00000000   Code   RO         6188    .ARM.Collect$$libinit$$00000017  c_w.l(libinit2.o)
    0x08000230   0x08000230   0x00000000   Code   RO         6190    .ARM.Collect$$libinit$$00000019  c_w.l(libinit2.o)
    0x08000230   0x08000230   0x00000000   Code   RO         6192    .ARM.Collect$$libinit$$0000001B  c_w.l(libinit2.o)
    0x08000230   0x08000230   0x00000000   Code   RO         6194    .ARM.Collect$$libinit$$0000001D  c_w.l(libinit2.o)
    0x08000230   0x08000230   0x00000000   Code   RO         6196    .ARM.Collect$$libinit$$0000001F  c_w.l(libinit2.o)
    0x08000230   0x08000230   0x00000000   Code   RO         6198    .ARM.Collect$$libinit$$00000021  c_w.l(libinit2.o)
    0x08000230   0x08000230   0x00000000   Code   RO         6200    .ARM.Collect$$libinit$$00000023  c_w.l(libinit2.o)
    0x08000230   0x08000230   0x00000000   Code   RO         6202    .ARM.Collect$$libinit$$00000025  c_w.l(libinit2.o)
    0x08000230   0x08000230   0x00000000   Code   RO         6206    .ARM.Collect$$libinit$$0000002C  c_w.l(libinit2.o)
    0x08000230   0x08000230   0x00000000   Code   RO         6208    .ARM.Collect$$libinit$$0000002E  c_w.l(libinit2.o)
    0x08000230   0x08000230   0x00000000   Code   RO         6210    .ARM.Collect$$libinit$$00000030  c_w.l(libinit2.o)
    0x08000230   0x08000230   0x00000000   Code   RO         6212    .ARM.Collect$$libinit$$00000032  c_w.l(libinit2.o)
    0x08000230   0x08000230   0x00000002   Code   RO         6213    .ARM.Collect$$libinit$$00000033  c_w.l(libinit2.o)
    0x08000232   0x08000232   0x00000002   Code   RO         6233    .ARM.Collect$$libshutdown$$00000000  c_w.l(libshutdown.o)
    0x08000234   0x08000234   0x00000000   Code   RO         6246    .ARM.Collect$$libshutdown$$00000002  c_w.l(libshutdown2.o)
    0x08000234   0x08000234   0x00000000   Code   RO         6248    .ARM.Collect$$libshutdown$$00000004  c_w.l(libshutdown2.o)
    0x08000234   0x08000234   0x00000000   Code   RO         6251    .ARM.Collect$$libshutdown$$00000007  c_w.l(libshutdown2.o)
    0x08000234   0x08000234   0x00000000   Code   RO         6254    .ARM.Collect$$libshutdown$$0000000A  c_w.l(libshutdown2.o)
    0x08000234   0x08000234   0x00000000   Code   RO         6256    .ARM.Collect$$libshutdown$$0000000C  c_w.l(libshutdown2.o)
    0x08000234   0x08000234   0x00000000   Code   RO         6259    .ARM.Collect$$libshutdown$$0000000F  c_w.l(libshutdown2.o)
    0x08000234   0x08000234   0x00000002   Code   RO         6260    .ARM.Collect$$libshutdown$$00000010  c_w.l(libshutdown2.o)
    0x08000236   0x08000236   0x00000000   Code   RO         6129    .ARM.Collect$$rtentry$$00000000  c_w.l(__rtentry.o)
    0x08000236   0x08000236   0x00000000   Code   RO         6138    .ARM.Collect$$rtentry$$00000002  c_w.l(__rtentry2.o)
    0x08000236   0x08000236   0x00000006   Code   RO         6150    .ARM.Collect$$rtentry$$00000004  c_w.l(__rtentry4.o)
    0x0800023c   0x0800023c   0x00000000   Code   RO         6140    .ARM.Collect$$rtentry$$00000009  c_w.l(__rtentry2.o)
    0x0800023c   0x0800023c   0x00000004   Code   RO         6141    .ARM.Collect$$rtentry$$0000000A  c_w.l(__rtentry2.o)
    0x08000240   0x08000240   0x00000000   Code   RO         6143    .ARM.Collect$$rtentry$$0000000C  c_w.l(__rtentry2.o)
    0x08000240   0x08000240   0x00000008   Code   RO         6144    .ARM.Collect$$rtentry$$0000000D  c_w.l(__rtentry2.o)
    0x08000248   0x08000248   0x00000002   Code   RO         6167    .ARM.Collect$$rtexit$$00000000  c_w.l(rtexit.o)
    0x0800024a   0x0800024a   0x00000000   Code   RO         6215    .ARM.Collect$$rtexit$$00000002  c_w.l(rtexit2.o)
    0x0800024a   0x0800024a   0x00000004   Code   RO         6216    .ARM.Collect$$rtexit$$00000003  c_w.l(rtexit2.o)
    0x0800024e   0x0800024e   0x00000006   Code   RO         6217    .ARM.Collect$$rtexit$$00000004  c_w.l(rtexit2.o)
    0x08000254   0x08000254   0x00000040   Code   RO          348    .text               startup_stm32f429_439xx.o
    0x08000294   0x08000294   0x00000028   Code   RO         6095    .text               c_w.l(noretval__2sprintf.o)
    0x080002bc   0x080002bc   0x0000004e   Code   RO         6099    .text               c_w.l(_printf_pad.o)
    0x0800030a   0x0800030a   0x00000002   PAD
    0x0800030c   0x0800030c   0x00000078   Code   RO         6101    .text               c_w.l(_printf_dec.o)
    0x08000384   0x08000384   0x00000138   Code   RO         6115    .text               c_w.l(__printf_flags_wp.o)
    0x080004bc   0x080004bc   0x00000006   Code   RO         6125    .text               c_w.l(heapauxi.o)
    0x080004c2   0x080004c2   0x000000b2   Code   RO         6130    .text               c_w.l(_printf_intcommon.o)
    0x08000574   0x08000574   0x00000030   Code   RO         6132    .text               c_w.l(_printf_char_common.o)
    0x080005a4   0x080005a4   0x0000000a   Code   RO         6134    .text               c_w.l(_sputc.o)
    0x080005ae   0x080005ae   0x0000004a   Code   RO         6154    .text               c_w.l(sys_stackheap_outer.o)
    0x080005f8   0x080005f8   0x00000012   Code   RO         6156    .text               c_w.l(exit.o)
    0x0800060a   0x0800060a   0x00000002   PAD
    0x0800060c   0x0800060c   0x00000008   Code   RO         6164    .text               c_w.l(libspace.o)
    0x08000614   0x08000614   0x0000000c   Code   RO         6225    .text               c_w.l(sys_exit.o)
    0x08000620   0x08000620   0x00000002   Code   RO         6236    .text               c_w.l(use_no_semi.o)
    0x08000622   0x08000622   0x00000000   Code   RO         6238    .text               c_w.l(indicate_semi.o)
    0x08000622   0x08000622   0x00000004   Code   RO          187    i.BusFault_Handler  stm32f4xx_it.o
    0x08000626   0x08000626   0x00000002   Code   RO          188    i.DebugMon_Handler  stm32f4xx_it.o
    0x08000628   0x08000628   0x000000ec   Code   RO            3    i.Display           main.o
    0x08000714   0x08000714   0x000000f4   Code   RO            4    i.Display_Init      main.o
    0x08000808   0x08000808   0x00000094   Code   RO         1603    i.EXTI_Init         stm32f4xx_exti.o
    0x0800089c   0x0800089c   0x00000048   Code   RO         1916    i.FMC_GetFlagStatus  stm32f4xx_fmc.o
    0x080008e4   0x080008e4   0x00000020   Code   RO         1933    i.FMC_SDRAMCmdConfig  stm32f4xx_fmc.o
    0x08000904   0x08000904   0x000000f8   Code   RO         1935    i.FMC_SDRAMInit     stm32f4xx_fmc.o
    0x080009fc   0x080009fc   0x00000018   Code   RO         1939    i.FMC_SetRefreshCount  stm32f4xx_fmc.o
    0x08000a14   0x08000a14   0x00000090   Code   RO         2090    i.GPIO_Init         stm32f4xx_gpio.o
    0x08000aa4   0x08000aa4   0x00000046   Code   RO         2091    i.GPIO_PinAFConfig  stm32f4xx_gpio.o
    0x08000aea   0x08000aea   0x00000004   Code   RO         2097    i.GPIO_ResetBits    stm32f4xx_gpio.o
    0x08000aee   0x08000aee   0x00000004   Code   RO         2098    i.GPIO_SetBits      stm32f4xx_gpio.o
    0x08000af2   0x08000af2   0x0000000a   Code   RO         2102    i.GPIO_WriteBit     stm32f4xx_gpio.o
    0x08000afc   0x08000afc   0x00000004   Code   RO          189    i.HardFault_Handler  stm32f4xx_it.o
    0x08000b00   0x08000b00   0x00000168   Code   RO         5324    i.LCD_AF_GPIOConfig  stm32f429i_discovery_lcd.o
    0x08000c68   0x08000c68   0x00000020   Code   RO         5325    i.LCD_ChipSelect    stm32f429i_discovery_lcd.o
    0x08000c88   0x08000c88   0x00000020   Code   RO         5326    i.LCD_Clear         stm32f429i_discovery_lcd.o
    0x08000ca8   0x08000ca8   0x00000050   Code   RO         5330    i.LCD_CtrlLinesConfig  stm32f429i_discovery_lcd.o
    0x08000cf8   0x08000cf8   0x00000014   Code   RO         5331    i.LCD_CtrlLinesWrite  stm32f429i_discovery_lcd.o
    0x08000d0c   0x08000d0c   0x00000030   Code   RO         5333    i.LCD_DisplayChar   stm32f429i_discovery_lcd.o
    0x08000d3c   0x08000d3c   0x00000054   Code   RO         5336    i.LCD_DisplayStringLine  stm32f429i_discovery_lcd.o
    0x08000d90   0x08000d90   0x000000d8   Code   RO         5337    i.LCD_DrawChar      stm32f429i_discovery_lcd.o
    0x08000e68   0x08000e68   0x0000000c   Code   RO         5350    i.LCD_GetFont       stm32f429i_discovery_lcd.o
    0x08000e74   0x08000e74   0x0000009a   Code   RO         5351    i.LCD_Init          stm32f429i_discovery_lcd.o
    0x08000f0e   0x08000f0e   0x00000002   PAD
    0x08000f10   0x08000f10   0x000000a4   Code   RO         5352    i.LCD_LayerInit     stm32f429i_discovery_lcd.o
    0x08000fb4   0x08000fb4   0x0000028c   Code   RO         5356    i.LCD_PowerOn       stm32f429i_discovery_lcd.o
    0x08001240   0x08001240   0x000000d4   Code   RO         5358    i.LCD_SPIConfig     stm32f429i_discovery_lcd.o
    0x08001314   0x08001314   0x0000000c   Code   RO         5359    i.LCD_SetBackColor  stm32f429i_discovery_lcd.o
    0x08001320   0x08001320   0x0000000c   Code   RO         5364    i.LCD_SetFont       stm32f429i_discovery_lcd.o
    0x0800132c   0x0800132c   0x0000002c   Code   RO         5365    i.LCD_SetLayer      stm32f429i_discovery_lcd.o
    0x08001358   0x08001358   0x0000000c   Code   RO         5366    i.LCD_SetTextColor  stm32f429i_discovery_lcd.o
    0x08001364   0x08001364   0x00000030   Code   RO         5367    i.LCD_SetTransparency  stm32f429i_discovery_lcd.o
    0x08001394   0x08001394   0x0000004c   Code   RO         5371    i.LCD_WriteCommand  stm32f429i_discovery_lcd.o
    0x080013e0   0x080013e0   0x00000048   Code   RO         5372    i.LCD_WriteData     stm32f429i_discovery_lcd.o
    0x08001428   0x08001428   0x00000024   Code   RO         2640    i.LTDC_Cmd          stm32f4xx_ltdc.o
    0x0800144c   0x0800144c   0x00000024   Code   RO         2644    i.LTDC_DitherCmd    stm32f4xx_ltdc.o
    0x08001470   0x08001470   0x00000188   Code   RO         2651    i.LTDC_Init         stm32f4xx_ltdc.o
    0x080015f8   0x080015f8   0x00000004   Code   RO         2654    i.LTDC_LayerAlpha   stm32f4xx_ltdc.o
    0x080015fc   0x080015fc   0x00000016   Code   RO         2655    i.LTDC_LayerCmd     stm32f4xx_ltdc.o
    0x08001612   0x08001612   0x00000114   Code   RO         2656    i.LTDC_LayerInit    stm32f4xx_ltdc.o
    0x08001726   0x08001726   0x00000002   PAD
    0x08001728   0x08001728   0x0000000c   Code   RO         2663    i.LTDC_ReloadConfig  stm32f4xx_ltdc.o
    0x08001734   0x08001734   0x00000004   Code   RO          190    i.MemManage_Handler  stm32f4xx_it.o
    0x08001738   0x08001738   0x00000002   Code   RO          191    i.NMI_Handler       stm32f4xx_it.o
    0x0800173a   0x0800173a   0x00000002   PAD
    0x0800173c   0x0800173c   0x00000078   Code   RO          354    i.NVIC_Init         misc.o
    0x080017b4   0x080017b4   0x0000000c   Code   RO         2829    i.PWR_BackupAccessCmd  stm32f4xx_pwr.o
    0x080017c0   0x080017c0   0x00000020   Code   RO         2939    i.RCC_AHB1PeriphClockCmd  stm32f4xx_rcc.o
    0x080017e0   0x080017e0   0x00000020   Code   RO         2945    i.RCC_AHB3PeriphClockCmd  stm32f4xx_rcc.o
    0x08001800   0x08001800   0x00000020   Code   RO         2948    i.RCC_APB1PeriphClockCmd  stm32f4xx_rcc.o
    0x08001820   0x08001820   0x00000020   Code   RO         2950    i.RCC_APB1PeriphResetCmd  stm32f4xx_rcc.o
    0x08001840   0x08001840   0x00000020   Code   RO         2951    i.RCC_APB2PeriphClockCmd  stm32f4xx_rcc.o
    0x08001860   0x08001860   0x00000020   Code   RO         2953    i.RCC_APB2PeriphResetCmd  stm32f4xx_rcc.o
    0x08001880   0x08001880   0x00000040   Code   RO         2961    i.RCC_GetFlagStatus  stm32f4xx_rcc.o
    0x080018c0   0x080018c0   0x0000002c   Code   RO         2969    i.RCC_LSEConfig     stm32f4xx_rcc.o
    0x080018ec   0x080018ec   0x0000000c   Code   RO         2970    i.RCC_LSICmd        stm32f4xx_rcc.o
    0x080018f8   0x080018f8   0x00000018   Code   RO         2971    i.RCC_LTDCCLKDivConfig  stm32f4xx_rcc.o
    0x08001910   0x08001910   0x0000000c   Code   RO         2980    i.RCC_PLLSAICmd     stm32f4xx_rcc.o
    0x0800191c   0x0800191c   0x00000018   Code   RO         2981    i.RCC_PLLSAIConfig  stm32f4xx_rcc.o
    0x08001934   0x08001934   0x0000000c   Code   RO         2982    i.RCC_RTCCLKCmd     stm32f4xx_rcc.o
    0x08001940   0x08001940   0x0000003c   Code   RO         2983    i.RCC_RTCCLKConfig  stm32f4xx_rcc.o
    0x0800197c   0x0800197c   0x0000003c   Code   RO         5809    i.RTC_Alarm_IRQHandler  tm_stm32f4_rtc.o
    0x080019b8   0x080019b8   0x00000016   Code   RO         3332    i.RTC_Bcd2ToByte    stm32f4xx_rtc.o
    0x080019ce   0x080019ce   0x0000001c   Code   RO         3334    i.RTC_ByteToBcd2    stm32f4xx_rtc.o
    0x080019ea   0x080019ea   0x00000002   PAD
    0x080019ec   0x080019ec   0x00000020   Code   RO         3338    i.RTC_ClearITPendingBit  stm32f4xx_rtc.o
    0x08001a0c   0x08001a0c   0x00000050   Code   RO         3344    i.RTC_EnterInitMode  stm32f4xx_rtc.o
    0x08001a5c   0x08001a5c   0x00000014   Code   RO         3345    i.RTC_ExitInitMode  stm32f4xx_rtc.o
    0x08001a70   0x08001a70   0x0000004c   Code   RO         3348    i.RTC_GetDate       stm32f4xx_rtc.o
    0x08001abc   0x08001abc   0x00000040   Code   RO         3350    i.RTC_GetITStatus   stm32f4xx_rtc.o
    0x08001afc   0x08001afc   0x00000050   Code   RO         3353    i.RTC_GetTime       stm32f4xx_rtc.o
    0x08001b4c   0x08001b4c   0x00000064   Code   RO         3357    i.RTC_ITConfig      stm32f4xx_rtc.o
    0x08001bb0   0x08001bb0   0x00000064   Code   RO         3358    i.RTC_Init          stm32f4xx_rtc.o
    0x08001c14   0x08001c14   0x00000020   Code   RO         3361    i.RTC_ReadBackupRegister  stm32f4xx_rtc.o
    0x08001c34   0x08001c34   0x000000c8   Code   RO         3364    i.RTC_SetDate       stm32f4xx_rtc.o
    0x08001cfc   0x08001cfc   0x000000d0   Code   RO         3365    i.RTC_SetTime       stm32f4xx_rtc.o
    0x08001dcc   0x08001dcc   0x0000001c   Code   RO         3366    i.RTC_SetWakeUpCounter  stm32f4xx_rtc.o
    0x08001de8   0x08001de8   0x00000028   Code   RO         5810    i.RTC_WKUP_IRQHandler  tm_stm32f4_rtc.o
    0x08001e10   0x08001e10   0x00000060   Code   RO         3381    i.RTC_WaitForSynchro  stm32f4xx_rtc.o
    0x08001e70   0x08001e70   0x00000030   Code   RO         3382    i.RTC_WakeUpClockConfig  stm32f4xx_rtc.o
    0x08001ea0   0x08001ea0   0x00000078   Code   RO         3383    i.RTC_WakeUpCmd     stm32f4xx_rtc.o
    0x08001f18   0x08001f18   0x0000001c   Code   RO         3384    i.RTC_WriteBackupRegister  stm32f4xx_rtc.o
    0x08001f34   0x08001f34   0x0000001c   Code   RO         3385    i.RTC_WriteProtectionCmd  stm32f4xx_rtc.o
    0x08001f50   0x08001f50   0x00000204   Code   RO         5650    i.SDRAM_GPIOConfig  stm32f429i_discovery_sdram.o
    0x08002154   0x08002154   0x00000068   Code   RO         5651    i.SDRAM_Init        stm32f429i_discovery_sdram.o
    0x080021bc   0x080021bc   0x000000c8   Code   RO         5652    i.SDRAM_InitSequence  stm32f429i_discovery_sdram.o
    0x08002284   0x08002284   0x00000018   Code   RO         4050    i.SPI_Cmd           stm32f4xx_spi.o
    0x0800229c   0x0800229c   0x000000b0   Code   RO         4057    i.SPI_I2S_DeInit    stm32f4xx_spi.o
    0x0800234c   0x0800234c   0x00000012   Code   RO         4058    i.SPI_I2S_GetFlagStatus  stm32f4xx_spi.o
    0x0800235e   0x0800235e   0x00000004   Code   RO         4062    i.SPI_I2S_SendData  stm32f4xx_spi.o
    0x08002362   0x08002362   0x0000003c   Code   RO         4063    i.SPI_Init          stm32f4xx_spi.o
    0x0800239e   0x0800239e   0x00000002   PAD
    0x080023a0   0x080023a0   0x00000018   Code   RO         5077    i.STM_EVAL_LEDOff   stm32f429i_discovery.o
    0x080023b8   0x080023b8   0x00000018   Code   RO         5078    i.STM_EVAL_LEDOn    stm32f429i_discovery.o
    0x080023d0   0x080023d0   0x00000124   Code   RO          247    i.SetSysClock       system_stm32f4xx.o
    0x080024f4   0x080024f4   0x00000018   Code   RO         5771    i.SysTick_Handler   delay.o
    0x0800250c   0x0800250c   0x00000068   Code   RO          249    i.SystemInit        system_stm32f4xx.o
    0x08002574   0x08002574   0x00000074   Code   RO          192    i.TIM2_IRQHandler   stm32f4xx_it.o
    0x080025e8   0x080025e8   0x00000006   Code   RO         4275    i.TIM_ClearITPendingBit  stm32f4xx_tim.o
    0x080025ee   0x080025ee   0x00000002   Code   RO         5811    i.TM_RTC_AlarmAHandler  tm_stm32f4_rtc.o
    0x080025f0   0x080025f0   0x00000002   Code   RO         5812    i.TM_RTC_AlarmBHandler  tm_stm32f4_rtc.o
    0x080025f2   0x080025f2   0x00000062   Code   RO         5813    i.TM_RTC_Config     tm_stm32f4_rtc.o
    0x08002654   0x08002654   0x00000078   Code   RO         5815    i.TM_RTC_GetDateTime  tm_stm32f4_rtc.o
    0x080026cc   0x080026cc   0x000000e0   Code   RO         5819    i.TM_RTC_GetUnixTimeStamp  tm_stm32f4_rtc.o
    0x080027ac   0x080027ac   0x000000ec   Code   RO         5820    i.TM_RTC_Init       tm_stm32f4_rtc.o
    0x08002898   0x08002898   0x000000fc   Code   RO         5821    i.TM_RTC_Interrupts  tm_stm32f4_rtc.o
    0x08002994   0x08002994   0x00000002   Code   RO         5823    i.TM_RTC_RequestHandler  tm_stm32f4_rtc.o
    0x08002996   0x08002996   0x00000002   PAD
    0x08002998   0x08002998   0x00000214   Code   RO         5825    i.TM_RTC_SetDateTime  tm_stm32f4_rtc.o
    0x08002bac   0x08002bac   0x0000001a   Code   RO         4833    i.USART_GetFlagStatus  stm32f4xx_usart.o
    0x08002bc6   0x08002bc6   0x00000008   Code   RO         4847    i.USART_SendData    stm32f4xx_usart.o
    0x08002bce   0x08002bce   0x00000004   Code   RO          193    i.UsageFault_Handler  stm32f4xx_it.o
    0x08002bd2   0x08002bd2   0x0000000e   Code   RO         6113    i._is_digit         c_w.l(__printf_wp.o)
    0x08002be0   0x08002be0   0x0000001c   Code   RO         5374    i.delay             stm32f429i_discovery_lcd.o
    0x08002bfc   0x08002bfc   0x00000024   Code   RO         5655    i.delay             stm32f429i_discovery_sdram.o
    0x08002c20   0x08002c20   0x00000054   Code   RO         5772    i.delay_init        delay.o
    0x08002c74   0x08002c74   0x0000006c   Code   RO            5    i.main              main.o
    0x08002ce0   0x08002ce0   0x0000000a   Code   RO         6223    x$fpl$fpinit        fz_wm.l(fpinit.o)
    0x08002cea   0x08002cea   0x00000002   PAD
    0x08002cec   0x08002cec   0x00000019   Data   RO         5086    .constdata          stm32f429i_discovery.o
    0x08002d05   0x08002d05   0x00000001   PAD
    0x08002d06   0x08002d06   0x000029d0   Data   RO         5375    .constdata          stm32f429i_discovery_lcd.o
    0x080056d6   0x080056d6   0x00000011   Data   RO         6116    .constdata          c_w.l(__printf_flags_wp.o)
    0x080056e7   0x080056e7   0x00000001   PAD
    0x080056e8   0x080056e8   0x00000020   Data   RO         6291    Region$$Table       anon$$obj.o


    Execution Region RW_IRAM1 (Exec base: 0x20000000, Load base: 0x08005708, Size: 0x00000740, Max: 0x00030000, ABSOLUTE)

    Exec Addr    Load Addr    Size         Type   Attr      Idx    E Section Name        Object

    0x20000000   0x08005708   0x00000001   Data   RW          194    .data               stm32f4xx_it.o
    0x20000001   0x08005709   0x00000003   PAD
    0x20000004   0x0800570c   0x00000010   Data   RW         5087    .data               stm32f429i_discovery.o
    0x20000014   0x0800571c   0x00000030   Data   RW         5376    .data               stm32f429i_discovery_lcd.o
    0x20000044   0x0800574c   0x00000004   Data   RW         5774    .data               delay.o
    0x20000048   0x08005750   0x00000030   Data   RW         5829    .data               tm_stm32f4_rtc.o
    0x20000078        -       0x0000005c   Zero   RW            6    .bss                main.o
    0x200000d4        -       0x0000000c   Zero   RW         5828    .bss                tm_stm32f4_rtc.o
    0x200000e0        -       0x00000060   Zero   RW         6165    .bss                c_w.l(libspace.o)
    0x20000140        -       0x00000200   Zero   RW          346    HEAP                startup_stm32f429_439xx.o
    0x20000340        -       0x00000400   Zero   RW          345    STACK               startup_stm32f429_439xx.o


==============================================================================

Image component sizes


      Code (inc. data)   RO Data    RW Data    ZI Data      Debug   Object Name

       108         18          0          4          0      27826   delay.o
       588        164          0          0         92     266102   main.o
       120         14          0          0          0       1044   misc.o
        64         26        428          0       1536        848   startup_stm32f429_439xx.o
        48         16         25         16          0       2313   stm32f429i_discovery.o
      2370        158      10704         48          0      16000   stm32f429i_discovery_lcd.o
       856         28          0          0          0       3281   stm32f429i_discovery_sdram.o
       148          6          0          0          0        992   stm32f4xx_exti.o
       376         20          0          0          0       3507   stm32f4xx_fmc.o
       232          0          0          0          0       3563   stm32f4xx_gpio.o
       136         22          0          1          0       3427   stm32f4xx_it.o
       778         32          0          0          0       4819   stm32f4xx_ltdc.o
        12          6          0          0          0        546   stm32f4xx_pwr.o
       444         84          0          0          0       8300   stm32f4xx_rcc.o
      1390        104          0          0          0      13131   stm32f4xx_rtc.o
       282         24          0          0          0       3661   stm32f4xx_spi.o
         6          0          0          0          0       1164   stm32f4xx_tim.o
        34          0          0          0          0       1907   stm32f4xx_usart.o
       396         34          0          0          0      94345   system_stm32f4xx.o
      1568         80          0         48         12       8776   tm_stm32f4_rtc.o

    ----------------------------------------------------------------------
      9968        836      11190        120       1640     465552   Object Totals
         0          0         32          0          0          0   (incl. Generated)
        12          0          1          3          0          0   (incl. Padding)

    ----------------------------------------------------------------------

      Code (inc. data)   RO Data    RW Data    ZI Data      Debug   Library Member Name

         8          0          0          0          0         68   __main.o
       312          4         17          0          0         92   __printf_flags_wp.o
        14          0          0          0          0         68   __printf_wp.o
         0          0          0          0          0          0   __rtentry.o
        12          0          0          0          0          0   __rtentry2.o
         6          0          0          0          0          0   __rtentry4.o
        52          8          0          0          0          0   __scatter.o
        26          0          0          0          0          0   __scatter_copy.o
        28          0          0          0          0          0   __scatter_zi.o
        48          6          0          0          0         96   _printf_char_common.o
         6          0          0          0          0          0   _printf_d.o
       120         16          0          0          0         92   _printf_dec.o
       178          0          0          0          0         88   _printf_intcommon.o
        78          0          0          0          0        108   _printf_pad.o
         0          0          0          0          0          0   _printf_percent.o
         4          0          0          0          0          0   _printf_percent_end.o
        10          0          0          0          0         68   _sputc.o
        18          0          0          0          0         80   exit.o
         6          0          0          0          0        152   heapauxi.o
         0          0          0          0          0          0   indicate_semi.o
         2          0          0          0          0          0   libinit.o
         6          0          0          0          0          0   libinit2.o
         2          0          0          0          0          0   libshutdown.o
         2          0          0          0          0          0   libshutdown2.o
         8          4          0          0         96         68   libspace.o
        40          6          0          0          0         84   noretval__2sprintf.o
         2          0          0          0          0          0   rtexit.o
        10          0          0          0          0          0   rtexit2.o
        12          4          0          0          0         68   sys_exit.o
        74          0          0          0          0         80   sys_stackheap_outer.o
         2          0          0          0          0         68   use_no_semi.o
        10          0          0          0          0        116   fpinit.o

    ----------------------------------------------------------------------
      1104         48         18          0         96       1396   Library Totals
         8          0          1          0          0          0   (incl. Padding)

    ----------------------------------------------------------------------

      Code (inc. data)   RO Data    RW Data    ZI Data      Debug   Library Name

      1086         48         17          0         96       1280   c_w.l
        10          0          0          0          0        116   fz_wm.l

    ----------------------------------------------------------------------
      1104         48         18          0         96       1396   Library Totals

    ----------------------------------------------------------------------

==============================================================================


      Code (inc. data)   RO Data    RW Data    ZI Data      Debug   

     11072        884      11208        120       1736     455876   Grand Totals
     11072        884      11208        120       1736     455876   ELF Image Totals
     11072        884      11208        120          0          0   ROM Totals

==============================================================================

    Total RO  Size (Code + RO Data)                22280 (  21.76kB)
    Total RW  Size (RW Data + ZI Data)              1856 (   1.81kB)
    Total ROM Size (Code + RO Data + RW Data)      22400 (  21.88kB)

==============================================================================

